Microchip MPLAB XC8 Compiler V2.31

Linker command line:

-W-3 --edf=C:\Program Files\Microchip\xc8\v2.31\pic\dat\en_msgs.txt -cn \
  -h+dist/default/production\S2_1991255.X.production.sym \
  --cmf=dist/default/production\S2_1991255.X.production.cmf -z -Q16LF1718 \
  -oC:\Users\davfe\AppData\Local\Temp\s217g.2 --defsym=__MPLAB_BUILD=1 \
  -Mdist/default/production/S2_1991255.X.production.map -E1 \
  -ver=XC8 Compiler --acfsm=1493 -ASTACK=02068h-027EFh -pstack=STACK \
  -ACODE=00h-07FFhx8 -ASTRCODE=00h-03FFFh -ASTRING=00h-0FFhx64 \
  -ACONST=00h-0FFhx64 -AENTRY=00h-0FFhx64 -ACOMMON=070h-07Fh \
  -ABANK0=020h-06Fh -ABANK1=0A0h-0EFh -ABANK2=0120h-016Fh \
  -ABANK3=01A0h-01EFh -ABANK4=0220h-026Fh -ABANK5=02A0h-02EFh \
  -ABANK6=0320h-036Fh -ABANK7=03A0h-03EFh -ABANK8=0420h-046Fh \
  -ABANK9=04A0h-04EFh -ABANK10=0520h-056Fh -ABANK11=05A0h-05EFh \
  -ABANK12=0620h-066Fh -ABANK13=06A0h-06EFh -ABANK14=0720h-076Fh \
  -ABANK15=07A0h-07EFh -ABANK16=0820h-086Fh -ABANK17=08A0h-08EFh \
  -ABANK18=0920h-096Fh -ABANK19=09A0h-09EFh -ABANK20=0A20h-0A6Fh \
  -ABANK21=0AA0h-0AEFh -ABANK22=0B20h-0B6Fh -ABANK23=0BA0h-0BEFh \
  -ABANK24=0C20h-0C6Fh -ABANK25=0CA0h-0CBFh -ABIGRAM=02000h-027EFh \
  -ARAM=020h-06Fh,0A0h-0EFh,0120h-016Fh,01A0h-01EFh,0220h-026Fh,02A0h-02EFh,0320h-036Fh,03A0h-03EFh,0420h-046Fh,04A0h-04EFh,0520h-056Fh,05A0h-05EFh,0620h-066Fh,06A0h-06EFh,0720h-076Fh,07A0h-07EFh,0820h-086Fh,08A0h-08EFh,0920h-096Fh,09A0h-09EFh,0A20h-0A6Fh,0AA0h-0AEFh,0B20h-0B6Fh,0BA0h-0BEFh,0C20h-0C6Fh,0CA0h-0CBFh \
  -AABS1=020h-07Fh,0A0h-0EFh,0120h-016Fh,01A0h-01EFh,0220h-026Fh,02A0h-02EFh,0320h-036Fh,03A0h-03EFh,0420h-046Fh,04A0h-04EFh,0520h-056Fh,05A0h-05EFh,0620h-066Fh,06A0h-06EFh,0720h-076Fh,07A0h-07EFh,0820h-086Fh,08A0h-08EFh,0920h-096Fh,09A0h-09EFh,0A20h-0A6Fh,0AA0h-0AEFh,0B20h-0B6Fh,0BA0h-0BEFh,0C20h-0C6Fh,0CA0h-0CBFh \
  -ASFR0=00h-01Fh -ASFR1=080h-09Fh -ASFR2=0100h-011Fh -ASFR3=0180h-019Fh \
  -ASFR4=0200h-021Fh -ASFR5=0280h-029Fh -ASFR6=0300h-031Fh \
  -ASFR7=0380h-039Fh -ASFR8=0400h-041Fh -ASFR9=0480h-049Fh \
  -ASFR10=0500h-051Fh -ASFR11=0580h-059Fh -ASFR12=0600h-061Fh \
  -ASFR13=0680h-069Fh -ASFR14=0700h-071Fh -ASFR15=0780h-079Fh \
  -ASFR16=0800h-081Fh -ASFR17=0880h-089Fh -ASFR18=0900h-091Fh \
  -ASFR19=0980h-099Fh -ASFR20=0A00h-0A1Fh -ASFR21=0A80h-0A9Fh \
  -ASFR22=0B00h-0B1Fh -ASFR23=0B80h-0B9Fh -ASFR24=0C00h-0C1Fh \
  -ASFR25=0C80h-0C9Fh -ASFR26=0D00h-0D6Fh -ASFR27=0D80h-0DEFh \
  -ASFR28=0E00h-0E6Fh -ASFR29=0E80h-0EEFh -ASFR30=0F00h-0F6Fh \
  -ASFR31=0F80h-0FEFh -ACONFIG=08007h-08008h -DCONFIG=2 \
  -AIDLOC=08000h-08003h -DIDLOC=2 -DCODE=2 -DSTRCODE=2 -DSTRING=2 -DCONST=2 \
  -DENTRY=2 -preset_vec=00h,intentry=04h,init,end_init -ppowerup=CODE \
  -pcinit=CODE -pfunctab=ENTRY -k C:\Users\davfe\AppData\Local\Temp\s217g.o \
  dist/default/production\S2_1991255.X.production.o 

Object code version is 3.11

Machine type is 16LF1718



                Name                               Link     Load   Length Selector   Space Scale
C:\Users\davfe\AppData\Local\Temp\s217g.o
                end_init                             1D       1D        2        8       0
                reset_vec                             0        0        2        0       0
                config                             8007     8007        2        0       4
dist/default/production\S2_1991255.X.production.o
                cinit                                1F       1F       1C        8       0
                intentry                              4        4       19        8       0
                config                             8007     8007        2        0       4
                text39                              47B      47B        1      7E6       0
                text38                              30B      30B       20        8       0
                text37                              32B      32B       1F        8       0
                text36                              238      238       27        8       0
                text35                              368      368       1D        8       0
                text34                              25F      25F       26        8       0
                text33                               3B       3B       77        8       0
                text32                              3CC      3CC       16        8       0
                text31                              47A      47A        1      7E6       0
                text30                              420      420        F      7E6       0
                text29                              479      479        1      7E6       0
                text28                              411      411        F      7E6       0
                text27                              478      478        1      7E6       0
                text26                              3B5      3B5       17        8       0
                text25                              477      477        1      7E6       0
                text24                              402      402        F      7E6       0
                text23                              476      476        1      7E6       0
                text22                              3F3      3F3        F      7E6       0
                text21                              188      188       31        8       0
                text19                              2EB      2EB       20        8       0
                text18                              2A8      2A8       23        8       0
                text17                              285      285       23        8       0
                text16                              441      441        7      7E6       0
                text15                              46C      46C        6      7E6       0
                text14                              466      466        6      7E6       0
                text13                              460      460        6      7E6       0
                text12                              45A      45A        6      7E6       0
                text11                              454      454        6      7E6       0
                text10                              44E      44E        6      7E6       0
                text9                                B2       B2       72        8       0
                text8                               472      472        4      7E6       0
                text7                               42F      42F        A      7E6       0
                text6                               2CB      2CB       20        8       0
                text5                               1B9      1B9       2F        8       0
                text4                               210      210       28        8       0
                text3                               1E8      1E8       28        8       0
                text2                               34A      34A       1E        8       0
                text1                               39D      39D       18        8       0
                maintext                            124      124       64        8       0
                cstackBANK0                          20       20       35       20       1
                cstackCOMMON                         70       70        E       70       1
                inittext                            448      448        6      7E6       0
                dataBANK1                            A0       A0       18       A0       1
                dataBANK0                            61       61        8       20       1
                stringtext1                         3E2      3E2       11      7C4       0
                nvBANK0                              55       55        C       20       1
                idataBANK1                          385      385       18        8       0
                idataBANK0                          439      439        8      7E6       0

TOTAL           Name                               Link     Load   Length     Space
        CLASS   STACK          

        CLASS   CODE           
                end_init                             1D       1D        2         0
                cinit                                1F       1F       1C         0
                intentry                              4        4       19         0
                reset_vec                             0        0        2         0
                text39                              47B      47B        1         0
                text38                              30B      30B       20         0
                text37                              32B      32B       1F         0
                text36                              238      238       27         0
                text35                              368      368       1D         0
                text34                              25F      25F       26         0
                text33                               3B       3B       77         0
                text32                              3CC      3CC       16         0
                text31                              47A      47A        1         0
                text30                              420      420        F         0
                text29                              479      479        1         0
                text28                              411      411        F         0
                text27                              478      478        1         0
                text26                              3B5      3B5       17         0
                text25                              477      477        1         0
                text24                              402      402        F         0
                text23                              476      476        1         0
                text22                              3F3      3F3        F         0
                text21                              188      188       31         0
                text19                              2EB      2EB       20         0
                text18                              2A8      2A8       23         0
                text17                              285      285       23         0
                text16                              441      441        7         0
                text15                              46C      46C        6         0
                text14                              466      466        6         0
                text13                              460      460        6         0
                text12                              45A      45A        6         0
                text11                              454      454        6         0
                text10                              44E      44E        6         0
                text9                                B2       B2       72         0
                text8                               472      472        4         0
                text7                               42F      42F        A         0
                text6                               2CB      2CB       20         0
                text5                               1B9      1B9       2F         0
                text4                               210      210       28         0
                text3                               1E8      1E8       28         0
                text2                               34A      34A       1E         0
                text1                               39D      39D       18         0
                maintext                            124      124       64         0
                inittext                            448      448        6         0
                idataBANK1                          385      385       18         0
                idataBANK0                          439      439        8         0

        CLASS   STRCODE        
                stringtext1                         3E2      3E2       11         0

        CLASS   STRING         

        CLASS   CONST          

        CLASS   ENTRY          

        CLASS   COMMON         
                cstackCOMMON                         70       70        E         1

        CLASS   BANK0          
                cstackBANK0                          20       20       35         1
                dataBANK0                            61       61        8         1
                nvBANK0                              55       55        C         1

        CLASS   BANK1          
                dataBANK1                            A0       A0       18         1

        CLASS   BANK2          

        CLASS   BANK3          

        CLASS   BANK4          

        CLASS   BANK5          

        CLASS   BANK6          

        CLASS   BANK7          

        CLASS   BANK8          

        CLASS   BANK9          

        CLASS   BANK10         

        CLASS   BANK11         

        CLASS   BANK12         

        CLASS   BANK13         

        CLASS   BANK14         

        CLASS   BANK15         

        CLASS   BANK16         

        CLASS   BANK17         

        CLASS   BANK18         

        CLASS   BANK19         

        CLASS   BANK20         

        CLASS   BANK21         

        CLASS   BANK22         

        CLASS   BANK23         

        CLASS   BANK24         

        CLASS   BANK25         

        CLASS   BIGRAM         

        CLASS   RAM            

        CLASS   ABS1           
                abs_s1                               7E       7E        2         1

        CLASS   SFR0           

        CLASS   SFR1           

        CLASS   SFR2           

        CLASS   SFR3           

        CLASS   SFR4           

        CLASS   SFR5           

        CLASS   SFR6           

        CLASS   SFR7           

        CLASS   SFR8           

        CLASS   SFR9           

        CLASS   SFR10          

        CLASS   SFR11          

        CLASS   SFR12          

        CLASS   SFR13          

        CLASS   SFR14          

        CLASS   SFR15          

        CLASS   SFR16          

        CLASS   SFR17          

        CLASS   SFR18          

        CLASS   SFR19          

        CLASS   SFR20          

        CLASS   SFR21          

        CLASS   SFR22          

        CLASS   SFR23          

        CLASS   SFR24          

        CLASS   SFR25          

        CLASS   SFR26          

        CLASS   SFR27          

        CLASS   SFR28          

        CLASS   SFR29          

        CLASS   SFR30          

        CLASS   SFR31          

        CLASS   CONFIG         
                config                             8007     8007        2         4

        CLASS   IDLOC          

        CLASS   BANK31         

        CLASS   BANK30         

        CLASS   BANK29         

        CLASS   BANK28         

        CLASS   BANK27         

        CLASS   BANK26         

        CLASS   EEDATA         



SEGMENTS        Name                           Load    Length   Top    Selector   Space  Class     Delta

                reset_vec                      000000  000002  000002         0       0  CODE        2
                intentry                       000004  0003DE  0003E2         8       0  CODE        2
                cstackBANK0                    000020  000049  000069        20       1  BANK0       1
                cstackCOMMON                   000070  00000E  00007E        70       1  COMMON      1
                dataBANK1                      0000A0  000018  0000B8        A0       1  BANK1       1
                stringtext1                    0003E2  000011  0003F3       7C4       0  STRCODE     2
                text22                         0003F3  000089  00047C       7E6       0  CODE        2


UNUSED ADDRESS RANGES

        Name                Unused          Largest block    Delta
        BANK0            00069-0006F               7           1
        BANK1            000B8-000EF              38           1
        BANK10           00520-0056F              50           1
        BANK11           005A0-005EF              50           1
        BANK12           00620-0066F              50           1
        BANK13           006A0-006EF              50           1
        BANK14           00720-0076F              50           1
        BANK15           007A0-007EF              50           1
        BANK16           00820-0086F              50           1
        BANK17           008A0-008EF              50           1
        BANK18           00920-0096F              50           1
        BANK19           009A0-009EF              50           1
        BANK2            00120-0016F              50           1
        BANK20           00A20-00A6F              50           1
        BANK21           00AA0-00AEF              50           1
        BANK22           00B20-00B6F              50           1
        BANK23           00BA0-00BEF              50           1
        BANK24           00C20-00C6F              50           1
        BANK25           00CA0-00CBF              20           1
        BANK3            001A0-001EF              50           1
        BANK4            00220-0026F              50           1
        BANK5            002A0-002EF              50           1
        BANK6            00320-0036F              50           1
        BANK7            003A0-003EF              50           1
        BANK8            00420-0046F              50           1
        BANK9            004A0-004EF              50           1
        BIGRAM           02000-027EF             7F0           1
        CODE             00002-00003               2           2
                         0047C-03FFF             800
        CONST            00002-00003               2           2
                         0047C-03FFF             100
        ENTRY            00002-00003               2           2
                         0047C-03FFF             100
        IDLOC            08000-08003               4           2
        RAM              00069-0006F               7           1
                         000B8-000EF              38
                         00120-0016F              50
                         001A0-001EF              50
                         00220-0026F              50
                         002A0-002EF              50
                         00320-0036F              50
                         003A0-003EF              50
                         00420-0046F              50
                         004A0-004EF              50
                         00520-0056F              50
                         005A0-005EF              50
                         00620-0066F              50
                         006A0-006EF              50
                         00720-0076F              50
                         007A0-007EF              50
                         00820-0086F              50
                         008A0-008EF              50
                         00920-0096F              50
                         009A0-009EF              50
                         00A20-00A6F              50
                         00AA0-00AEF              50
                         00B20-00B6F              50
                         00BA0-00BEF              50
                         00C20-00C6F              50
                         00CA0-00CBF              20
        SFR0             00000-0001F              20           1
        SFR1             00080-0009F              20           1
        SFR10            00500-0051F              20           1
        SFR11            00580-0059F              20           1
        SFR12            00600-0061F              20           1
        SFR13            00680-0069F              20           1
        SFR14            00700-0071F              20           1
        SFR15            00780-0079F              20           1
        SFR16            00800-0081F              20           1
        SFR17            00880-0089F              20           1
        SFR18            00900-0091F              20           1
        SFR19            00980-0099F              20           1
        SFR2             00100-0011F              20           1
        SFR20            00A00-00A1F              20           1
        SFR21            00A80-00A9F              20           1
        SFR22            00B00-00B1F              20           1
        SFR23            00B80-00B9F              20           1
        SFR24            00C00-00C1F              20           1
        SFR25            00C80-00C9F              20           1
        SFR26            00D00-00D6F              70           1
        SFR27            00D80-00DEF              70           1
        SFR28            00E00-00E6F              70           1
        SFR29            00E80-00EEF              70           1
        SFR3             00180-0019F              20           1
        SFR30            00F00-00F6F              70           1
        SFR31            00F80-00FEF              70           1
        SFR4             00200-0021F              20           1
        SFR5             00280-0029F              20           1
        SFR6             00300-0031F              20           1
        SFR7             00380-0039F              20           1
        SFR8             00400-0041F              20           1
        SFR9             00480-0049F              20           1
        STACK            02068-027EF             788           1
        STRCODE          00002-00003               2           2
                         0047C-03FFF            3B84
        STRING           00002-00003               2           2
                         0047C-03FFF             100

                                  Symbol Table

IOCAF0_SetInterruptHandler@InterruptHandler cstackBANK0  00027
IOCAF1_SetInterruptHandler@InterruptHandler cstackBANK0  00027
IOCAF2_SetInterruptHandler@InterruptHandler cstackBANK0  00027
IOCAF3_SetInterruptHandler@InterruptHandler cstackBANK0  00027
IOCAF4_SetInterruptHandler@InterruptHandler cstackBANK0  00027
IOCAF5_SetInterruptHandler@InterruptHandler cstackBANK0  00027
LCDGoto@ln                                  cstackBANK0  0002E
LCDGoto@pos                                 cstackBANK0  00031
LCDPutChar@ch                               cstackBANK0  0002D
LCDPutCmd@ch                                cstackBANK0  0002D
LCDPutStr@i                                 cstackBANK0  00033
LCDPutStr@str                               cstackBANK0  0002E
LCDWriteNibble@ch                           cstackBANK0  0002A
LCDWriteNibble@rs                           cstackBANK0  00027
_ANSELA                                     (abs)        0018C
_ANSELB                                     (abs)        0018D
_ANSELC                                     (abs)        0018E
_BORCON                                     (abs)        00116
_INLVLA                                     (abs)        0038C
_INLVLB                                     (abs)        0038D
_INLVLC                                     (abs)        0038E
_INLVLE                                     (abs)        00390
_INTCONbits                                 (abs)        0000B
_INTERRUPT_InterruptManager                 intentry     00004
_IOCAF0_DefaultInterruptHandler             text39       0047B
_IOCAF0_ISR                                 text32       003CC
_IOCAF0_InterruptHandler                    nvBANK0      0005F
_IOCAF0_SetInterruptHandler                 text15       0046C
_IOCAF1_DefaultInterruptHandler             text31       0047A
_IOCAF1_ISR                                 text30       00420
_IOCAF1_InterruptHandler                    nvBANK0      0005D
_IOCAF1_SetInterruptHandler                 text14       00466
_IOCAF2_DefaultInterruptHandler             text29       00479
_IOCAF2_ISR                                 text28       00411
_IOCAF2_InterruptHandler                    nvBANK0      0005B
_IOCAF2_SetInterruptHandler                 text13       00460
_IOCAF3_DefaultInterruptHandler             text27       00478
_IOCAF3_ISR                                 text26       003B5
_IOCAF3_InterruptHandler                    nvBANK0      00059
_IOCAF3_SetInterruptHandler                 text12       0045A
_IOCAF4_DefaultInterruptHandler             text25       00477
_IOCAF4_ISR                                 text24       00402
_IOCAF4_InterruptHandler                    nvBANK0      00057
_IOCAF4_SetInterruptHandler                 text11       00454
_IOCAF5_DefaultInterruptHandler             text23       00476
_IOCAF5_ISR                                 text22       003F3
_IOCAF5_InterruptHandler                    nvBANK0      00055
_IOCAF5_SetInterruptHandler                 text10       0044E
_IOCAFbits                                  (abs)        00393
_IOCANbits                                  (abs)        00392
_IOCAPbits                                  (abs)        00391
_LATA                                       (abs)        0010C
_LATB                                       (abs)        0010D
_LATC                                       (abs)        0010E
_LCDClear                                   text2        0034A
_LCDGoto                                    text4        00210
_LCDGoto$468                                cstackBANK0  0002F
_LCDPutChar                                 text6        002CB
_LCDPutCmd                                  text18       002A8
_LCDPutStr                                  text3        001E8
_LCDWriteNibble                             text19       002EB
_LCD_Initialize                             text17       00285
_ODCONA                                     (abs)        0028C
_ODCONB                                     (abs)        0028D
_ODCONC                                     (abs)        0028E
_OPTION_REGbits                             (abs)        00095
_OSCCON                                     (abs)        00099
_OSCILLATOR_Initialize                      text16       00441
_OSCTUNE                                    (abs)        00098
_PIN_MANAGER_IOC                            text21       00188
_PIN_MANAGER_Initialize                     text9        000B2
_PORTB                                      (abs)        0000D
_PORTBbits                                  (abs)        0000D
_SLRCONA                                    (abs)        0030C
_SLRCONB                                    (abs)        0030D
_SLRCONC                                    (abs)        0030E
_SYSTEM_Initialize                          text7        0042F
_TRISA                                      (abs)        0008C
_TRISB                                      (abs)        0008D
_TRISC                                      (abs)        0008E
_TRISE                                      (abs)        00090
_WDTCON                                     (abs)        00097
_WDT_Initialize                             text8        00472
_WPUA                                       (abs)        0020C
_WPUB                                       (abs)        0020D
_WPUC                                       (abs)        0020E
_WPUE                                       (abs)        00210
__Habs1                                     abs1         00000
__Hbank0                                    bank0        00000
__Hbank1                                    bank1        00000
__Hbank10                                   bank10       00000
__Hbank11                                   bank11       00000
__Hbank12                                   bank12       00000
__Hbank13                                   bank13       00000
__Hbank14                                   bank14       00000
__Hbank15                                   bank15       00000
__Hbank16                                   bank16       00000
__Hbank17                                   bank17       00000
__Hbank18                                   bank18       00000
__Hbank19                                   bank19       00000
__Hbank2                                    bank2        00000
__Hbank20                                   bank20       00000
__Hbank21                                   bank21       00000
__Hbank22                                   bank22       00000
__Hbank23                                   bank23       00000
__Hbank24                                   bank24       00000
__Hbank25                                   bank25       00000
__Hbank26                                   bank26       00000
__Hbank27                                   bank27       00000
__Hbank28                                   bank28       00000
__Hbank29                                   bank29       00000
__Hbank3                                    bank3        00000
__Hbank30                                   bank30       00000
__Hbank31                                   bank31       00000
__Hbank4                                    bank4        00000
__Hbank5                                    bank5        00000
__Hbank6                                    bank6        00000
__Hbank7                                    bank7        00000
__Hbank8                                    bank8        00000
__Hbank9                                    bank9        00000
__Hbigram                                   bigram       00000
__Hcinit                                    cinit        0003B
__Hclrtext                                  clrtext      00000
__Hcode                                     code         00000
__Hcommon                                   common       00000
__Hconfig                                   config       08009
__HcstackBANK0                              cstackBANK0  00000
__HcstackCOMMON                             cstackCOMMON 00000
__HdataBANK0                                dataBANK0    00000
__HdataBANK1                                dataBANK1    00000
__Heeprom_data                              eeprom_data  00000
__Hend_init                                 end_init     0001F
__Hfunctab                                  functab      00000
__HidataBANK0                               idataBANK0   00000
__HidataBANK1                               idataBANK1   00000
__Hinit                                     init         0001D
__Hinittext                                 inittext     00000
__Hintentry                                 intentry     0001D
__Hmaintext                                 maintext     00000
__HnvBANK0                                  nvBANK0      00000
__Hpowerup                                  powerup      00000
__Hram                                      ram          00000
__Hreset_vec                                reset_vec    00002
__Hsfr0                                     sfr0         00000
__Hsfr1                                     sfr1         00000
__Hsfr10                                    sfr10        00000
__Hsfr11                                    sfr11        00000
__Hsfr12                                    sfr12        00000
__Hsfr13                                    sfr13        00000
__Hsfr14                                    sfr14        00000
__Hsfr15                                    sfr15        00000
__Hsfr16                                    sfr16        00000
__Hsfr17                                    sfr17        00000
__Hsfr18                                    sfr18        00000
__Hsfr19                                    sfr19        00000
__Hsfr2                                     sfr2         00000
__Hsfr20                                    sfr20        00000
__Hsfr21                                    sfr21        00000
__Hsfr22                                    sfr22        00000
__Hsfr23                                    sfr23        00000
__Hsfr24                                    sfr24        00000
__Hsfr25                                    sfr25        00000
__Hsfr26                                    sfr26        00000
__Hsfr27                                    sfr27        00000
__Hsfr28                                    sfr28        00000
__Hsfr29                                    sfr29        00000
__Hsfr3                                     sfr3         00000
__Hsfr30                                    sfr30        00000
__Hsfr31                                    sfr31        00000
__Hsfr4                                     sfr4         00000
__Hsfr5                                     sfr5         00000
__Hsfr6                                     sfr6         00000
__Hsfr7                                     sfr7         00000
__Hsfr8                                     sfr8         00000
__Hsfr9                                     sfr9         00000
__Hspace_0                                  (abs)        0047C
__Hspace_1                                  (abs)        000B8
__Hspace_2                                  (abs)        00000
__Hspace_3                                  (abs)        00000
__Hspace_4                                  (abs)        10010
__Hstack                                    stack        00000
__Hstrings                                  strings      00000
__Hstringtext1                              stringtext1  00000
__Hstringtext2                              stringtext2  00000
__Htext                                     text         00000
__Labs1                                     abs1         00000
__Lbank0                                    bank0        00000
__Lbank1                                    bank1        00000
__Lbank10                                   bank10       00000
__Lbank11                                   bank11       00000
__Lbank12                                   bank12       00000
__Lbank13                                   bank13       00000
__Lbank14                                   bank14       00000
__Lbank15                                   bank15       00000
__Lbank16                                   bank16       00000
__Lbank17                                   bank17       00000
__Lbank18                                   bank18       00000
__Lbank19                                   bank19       00000
__Lbank2                                    bank2        00000
__Lbank20                                   bank20       00000
__Lbank21                                   bank21       00000
__Lbank22                                   bank22       00000
__Lbank23                                   bank23       00000
__Lbank24                                   bank24       00000
__Lbank25                                   bank25       00000
__Lbank26                                   bank26       00000
__Lbank27                                   bank27       00000
__Lbank28                                   bank28       00000
__Lbank29                                   bank29       00000
__Lbank3                                    bank3        00000
__Lbank30                                   bank30       00000
__Lbank31                                   bank31       00000
__Lbank4                                    bank4        00000
__Lbank5                                    bank5        00000
__Lbank6                                    bank6        00000
__Lbank7                                    bank7        00000
__Lbank8                                    bank8        00000
__Lbank9                                    bank9        00000
__Lbigram                                   bigram       00000
__Lcinit                                    cinit        0001F
__Lclrtext                                  clrtext      00000
__Lcode                                     code         00000
__Lcommon                                   common       00000
__Lconfig                                   config       00000
__LcstackBANK0                              cstackBANK0  00000
__LcstackCOMMON                             cstackCOMMON 00000
__LdataBANK0                                dataBANK0    00000
__LdataBANK1                                dataBANK1    00000
__Leeprom_data                              eeprom_data  00000
__Lend_init                                 end_init     0001D
__Lfunctab                                  functab      00000
__LidataBANK0                               idataBANK0   00000
__LidataBANK1                               idataBANK1   00000
__Linit                                     init         0001D
__Linittext                                 inittext     00000
__Lintentry                                 intentry     00004
__Lmaintext                                 maintext     00000
__LnvBANK0                                  nvBANK0      00000
__Lpowerup                                  powerup      00000
__Lram                                      ram          00000
__Lreset_vec                                reset_vec    00000
__Lsfr0                                     sfr0         00000
__Lsfr1                                     sfr1         00000
__Lsfr10                                    sfr10        00000
__Lsfr11                                    sfr11        00000
__Lsfr12                                    sfr12        00000
__Lsfr13                                    sfr13        00000
__Lsfr14                                    sfr14        00000
__Lsfr15                                    sfr15        00000
__Lsfr16                                    sfr16        00000
__Lsfr17                                    sfr17        00000
__Lsfr18                                    sfr18        00000
__Lsfr19                                    sfr19        00000
__Lsfr2                                     sfr2         00000
__Lsfr20                                    sfr20        00000
__Lsfr21                                    sfr21        00000
__Lsfr22                                    sfr22        00000
__Lsfr23                                    sfr23        00000
__Lsfr24                                    sfr24        00000
__Lsfr25                                    sfr25        00000
__Lsfr26                                    sfr26        00000
__Lsfr27                                    sfr27        00000
__Lsfr28                                    sfr28        00000
__Lsfr29                                    sfr29        00000
__Lsfr3                                     sfr3         00000
__Lsfr30                                    sfr30        00000
__Lsfr31                                    sfr31        00000
__Lsfr4                                     sfr4         00000
__Lsfr5                                     sfr5         00000
__Lsfr6                                     sfr6         00000
__Lsfr7                                     sfr7         00000
__Lsfr8                                     sfr8         00000
__Lsfr9                                     sfr9         00000
__Lspace_0                                  (abs)        00000
__Lspace_1                                  (abs)        00000
__Lspace_2                                  (abs)        00000
__Lspace_3                                  (abs)        00000
__Lspace_4                                  (abs)        00000
__Lstack                                    stack        00000
__Lstrings                                  strings      00000
__Lstringtext1                              stringtext1  00000
__Lstringtext2                              stringtext2  00000
__Ltext                                     text         00000
__S0                                        (abs)        0047C
__S1                                        (abs)        000B8
__S2                                        (abs)        00000
___int_sp                                   stack        00000
___latbits                                  (abs)        00003
___sp                                       stack        00000
___stackhi                                  (abs)        027EF
___stacklo                                  (abs)        02068
__end_of_INTERRUPT_InterruptManager         intentry     0001D
__end_of_IOCAF0_DefaultInterruptHandler     text39       0047C
__end_of_IOCAF0_ISR                         text32       003E2
__end_of_IOCAF0_SetInterruptHandler         text15       00472
__end_of_IOCAF1_DefaultInterruptHandler     text31       0047B
__end_of_IOCAF1_ISR                         text30       0042F
__end_of_IOCAF1_SetInterruptHandler         text14       0046C
__end_of_IOCAF2_DefaultInterruptHandler     text29       0047A
__end_of_IOCAF2_ISR                         text28       00420
__end_of_IOCAF2_SetInterruptHandler         text13       00466
__end_of_IOCAF3_DefaultInterruptHandler     text27       00479
__end_of_IOCAF3_ISR                         text26       003CC
__end_of_IOCAF3_SetInterruptHandler         text12       00460
__end_of_IOCAF4_DefaultInterruptHandler     text25       00478
__end_of_IOCAF4_ISR                         text24       00411
__end_of_IOCAF4_SetInterruptHandler         text11       0045A
__end_of_IOCAF5_DefaultInterruptHandler     text23       00477
__end_of_IOCAF5_ISR                         text22       00402
__end_of_IOCAF5_SetInterruptHandler         text10       00454
__end_of_LCDClear                           text2        00368
__end_of_LCDGoto                            text4        00238
__end_of_LCDPutChar                         text6        002EB
__end_of_LCDPutCmd                          text18       002CB
__end_of_LCDPutStr                          text3        00210
__end_of_LCDWriteNibble                     text19       0030B
__end_of_LCD_Initialize                     text17       002A8
__end_of_OSCILLATOR_Initialize              text16       00448
__end_of_PIN_MANAGER_IOC                    text21       001B9
__end_of_PIN_MANAGER_Initialize             text9        00124
__end_of_SYSTEM_Initialize                  text7        00439
__end_of_WDT_Initialize                     text8        00476
__end_of__initialization                    cinit        00037
__end_of_basicShoot                         text33       000B2
__end_of_createCustomCharacter              text5        001E8
__end_of_idleScreen                         text1        003B5
__end_of_main                               maintext     00188
__end_ofi1_LCDGoto                          text36       0025F
__end_ofi1_LCDPutChar                       text35       00385
__end_ofi1_LCDPutCmd                        text37       0034A
__end_ofi1_LCDPutStr                        text34       00285
__end_ofi1_LCDWriteNibble                   text38       0032B
__initialization                            cinit        0001F
__pcstackBANK0                              cstackBANK0  00020
__pcstackCOMMON                             cstackCOMMON 00070
__pdataBANK0                                dataBANK0    00061
__pdataBANK1                                dataBANK1    000A0
__pidataBANK0                               idataBANK0   00439
__pidataBANK1                               idataBANK1   00385
__pintentry                                 intentry     00004
__pmaintext                                 maintext     00124
__pnvBANK0                                  nvBANK0      00055
__pstringtext1                              stringtext1  003E2
__pstringtext2                              stringtext2  00000
__ptext1                                    text1        0039D
__ptext10                                   text10       0044E
__ptext11                                   text11       00454
__ptext12                                   text12       0045A
__ptext13                                   text13       00460
__ptext14                                   text14       00466
__ptext15                                   text15       0046C
__ptext16                                   text16       00441
__ptext17                                   text17       00285
__ptext18                                   text18       002A8
__ptext19                                   text19       002EB
__ptext2                                    text2        0034A
__ptext21                                   text21       00188
__ptext22                                   text22       003F3
__ptext23                                   text23       00476
__ptext24                                   text24       00402
__ptext25                                   text25       00477
__ptext26                                   text26       003B5
__ptext27                                   text27       00478
__ptext28                                   text28       00411
__ptext29                                   text29       00479
__ptext3                                    text3        001E8
__ptext30                                   text30       00420
__ptext31                                   text31       0047A
__ptext32                                   text32       003CC
__ptext33                                   text33       0003B
__ptext34                                   text34       0025F
__ptext35                                   text35       00368
__ptext36                                   text36       00238
__ptext37                                   text37       0032B
__ptext38                                   text38       0030B
__ptext39                                   text39       0047B
__ptext4                                    text4        00210
__ptext5                                    text5        001B9
__ptext6                                    text6        002CB
__ptext7                                    text7        0042F
__ptext8                                    text8        00472
__ptext9                                    text9        000B2
__size_of_INTERRUPT_InterruptManager        (abs)        00000
__size_of_IOCAF0_DefaultInterruptHandler    (abs)        00000
__size_of_IOCAF0_ISR                        (abs)        00000
__size_of_IOCAF0_SetInterruptHandler        (abs)        00000
__size_of_IOCAF1_DefaultInterruptHandler    (abs)        00000
__size_of_IOCAF1_ISR                        (abs)        00000
__size_of_IOCAF1_SetInterruptHandler        (abs)        00000
__size_of_IOCAF2_DefaultInterruptHandler    (abs)        00000
__size_of_IOCAF2_ISR                        (abs)        00000
__size_of_IOCAF2_SetInterruptHandler        (abs)        00000
__size_of_IOCAF3_DefaultInterruptHandler    (abs)        00000
__size_of_IOCAF3_ISR                        (abs)        00000
__size_of_IOCAF3_SetInterruptHandler        (abs)        00000
__size_of_IOCAF4_DefaultInterruptHandler    (abs)        00000
__size_of_IOCAF4_ISR                        (abs)        00000
__size_of_IOCAF4_SetInterruptHandler        (abs)        00000
__size_of_IOCAF5_DefaultInterruptHandler    (abs)        00000
__size_of_IOCAF5_ISR                        (abs)        00000
__size_of_IOCAF5_SetInterruptHandler        (abs)        00000
__size_of_LCDClear                          (abs)        00000
__size_of_LCDGoto                           (abs)        00000
__size_of_LCDPutChar                        (abs)        00000
__size_of_LCDPutCmd                         (abs)        00000
__size_of_LCDPutStr                         (abs)        00000
__size_of_LCDWriteNibble                    (abs)        00000
__size_of_LCD_Initialize                    (abs)        00000
__size_of_OSCILLATOR_Initialize             (abs)        00000
__size_of_PIN_MANAGER_IOC                   (abs)        00000
__size_of_PIN_MANAGER_Initialize            (abs)        00000
__size_of_SYSTEM_Initialize                 (abs)        00000
__size_of_WDT_Initialize                    (abs)        00000
__size_of_basicShoot                        (abs)        00000
__size_of_createCustomCharacter             (abs)        00000
__size_of_idleScreen                        (abs)        00000
__size_of_main                              (abs)        00000
__size_ofi1_LCDGoto                         (abs)        00000
__size_ofi1_LCDPutChar                      (abs)        00000
__size_ofi1_LCDPutCmd                       (abs)        00000
__size_ofi1_LCDPutStr                       (abs)        00000
__size_ofi1_LCDWriteNibble                  (abs)        00000
_basicShoot                                 text33       0003B
_createCustomCharacter                      text5        001B9
_idleScreen                                 text1        0039D
_main                                       maintext     00124
basicShoot@direction                        cstackBANK0  00020
basicShoot@j                                cstackBANK0  00022
basicShoot@j_491                            cstackBANK0  00024
btemp                                       (abs)        0007E
createCustomCharacter@Location              cstackBANK0  0002E
createCustomCharacter@Pattern               cstackBANK0  00030
createCustomCharacter@i                     cstackBANK0  00031
end_of_initialization                       cinit        00037
i1LCDGoto@ln                                cstackCOMMON 00077
i1LCDGoto@pos                               cstackCOMMON 0007A
i1LCDPutChar@ch                             cstackCOMMON 00076
i1LCDPutCmd@ch                              cstackCOMMON 00076
i1LCDPutStr@i                               cstackCOMMON 0007C
i1LCDPutStr@str                             cstackCOMMON 00077
i1LCDWriteNibble@ch                         cstackCOMMON 00073
i1LCDWriteNibble@rs                         cstackCOMMON 00070
i1_LCDGoto                                  text36       00238
i1_LCDGoto$468                              cstackCOMMON 00078
i1_LCDPutChar                               text35       00368
i1_LCDPutCmd                                text37       0032B
i1_LCDPutStr                                text34       0025F
i1_LCDWriteNibble                           text38       0030B
init_ram                                    inittext     00448
int$flags                                   (abs)        0007E
intlevel0                                   functab      00000
intlevel1                                   functab      00000
intlevel2                                   functab      00000
intlevel3                                   functab      00000
intlevel4                                   functab      00000
intlevel5                                   functab      00000
main@F5648                                  dataBANK0    00061
main@F5650                                  dataBANK1    000B0
main@F5652                                  dataBANK1    000A8
main@F5654                                  dataBANK1    000A0
main@Pattern1                               cstackBANK0  00035
main@Pattern2                               cstackBANK0  0003D
main@Pattern3                               cstackBANK0  00045
main@Pattern4                               cstackBANK0  0004D
reset_vec                                   reset_vec    00000
start                                       init         0001D
start_initialization                        cinit        0001F
wtemp0                                      (abs)        0007E


FUNCTION INFORMATION:

 *************** function _main *****************
 Defined at:
		line 28 in file "main.c"
 Parameters:    Size  Location     Type
		None
 Auto vars:     Size  Location     Type
  Pattern4        8   45[BANK0 ] unsigned char [8]
  Pattern3        8   37[BANK0 ] unsigned char [8]
  Pattern2        8   29[BANK0 ] unsigned char [8]
  Pattern1        8   21[BANK0 ] unsigned char [8]
 Return value:  Size  Location     Type
                  1    wreg      void 
 Registers used:
		wreg, fsr0l, fsr0h, fsr1l, fsr1h, status,2, status,0, pclath, cstack
 Tracked objects:
		On entry : 
		On exit  : 
		Unchanged: 
 Data sizes:     COMMON   BANK0   BANK1   BANK2   BANK3   BANK4   BANK5   BANK6   BANK7   BANK8   BANK9  BANK10  BANK11  BANK12  BANK13  BANK14  BANK15  BANK16  BANK17  BANK18  BANK19  BANK20  BANK21  BANK22  BANK23  BANK24  BANK25
      Params:         0       0       0       0       0       0       0       0       0       0       0       0       0       0       0       0       0       0       0       0       0       0       0       0       0       0       0
      Locals:         0      32       0       0       0       0       0       0       0       0       0       0       0       0       0       0       0       0       0       0       0       0       0       0       0       0       0
      Temps:          0       1       0       0       0       0       0       0       0       0       0       0       0       0       0       0       0       0       0       0       0       0       0       0       0       0       0
      Totals:         0      33       0       0       0       0       0       0       0       0       0       0       0       0       0       0       0       0       0       0       0       0       0       0       0       0       0
Total ram usage:       33 bytes
 Hardware stack levels required when called:   12
 This function calls:
		_LCD_Initialize
		_SYSTEM_Initialize
		_createCustomCharacter
		_idleScreen
 This function is called by:
		Startup code after reset
 This function uses a non-reentrant model


 *************** function _idleScreen *****************
 Defined at:
		line 51 in file "functions.c"
 Parameters:    Size  Location     Type
		None
 Auto vars:     Size  Location     Type
		None
 Return value:  Size  Location     Type
                  1    wreg      void 
 Registers used:
		wreg, fsr0l, fsr0h, status,2, status,0, pclath, cstack
 Tracked objects:
		On entry : 
		On exit  : 
		Unchanged: 
 Data sizes:     COMMON   BANK0   BANK1   BANK2   BANK3   BANK4   BANK5   BANK6   BANK7   BANK8   BANK9  BANK10  BANK11  BANK12  BANK13  BANK14  BANK15  BANK16  BANK17  BANK18  BANK19  BANK20  BANK21  BANK22  BANK23  BANK24  BANK25
      Params:         0       0       0       0       0       0       0       0       0       0       0       0       0       0       0       0       0       0       0       0       0       0       0       0       0       0       0
      Locals:         0       0       0       0       0       0       0       0       0       0       0       0       0       0       0       0       0       0       0       0       0       0       0       0       0       0       0
      Temps:          0       0       0       0       0       0       0       0       0       0       0       0       0       0       0       0       0       0       0       0       0       0       0       0       0       0       0
      Totals:         0       0       0       0       0       0       0       0       0       0       0       0       0       0       0       0       0       0       0       0       0       0       0       0       0       0       0
Total ram usage:        0 bytes
 Hardware stack levels used:    1
 Hardware stack levels required when called:   11
 This function calls:
		_LCDClear
		_LCDGoto
		_LCDPutChar
 This function is called by:
		_main
 This function uses a non-reentrant model


 *************** function _LCDClear *****************
 Defined at:
		line 159 in file "lcd.c"
 Parameters:    Size  Location     Type
		None
 Auto vars:     Size  Location     Type
		None
 Return value:  Size  Location     Type
                  1    wreg      void 
 Registers used:
		wreg, fsr0l, fsr0h, status,2, status,0, pclath, cstack
 Tracked objects:
		On entry : 
		On exit  : 
		Unchanged: 
 Data sizes:     COMMON   BANK0   BANK1   BANK2   BANK3   BANK4   BANK5   BANK6   BANK7   BANK8   BANK9  BANK10  BANK11  BANK12  BANK13  BANK14  BANK15  BANK16  BANK17  BANK18  BANK19  BANK20  BANK21  BANK22  BANK23  BANK24  BANK25
      Params:         0       0       0       0       0       0       0       0       0       0       0       0       0       0       0       0       0       0       0       0       0       0       0       0       0       0       0
      Locals:         0       0       0       0       0       0       0       0       0       0       0       0       0       0       0       0       0       0       0       0       0       0       0       0       0       0       0
      Temps:          0       0       0       0       0       0       0       0       0       0       0       0       0       0       0       0       0       0       0       0       0       0       0       0       0       0       0
      Totals:         0       0       0       0       0       0       0       0       0       0       0       0       0       0       0       0       0       0       0       0       0       0       0       0       0       0       0
Total ram usage:        0 bytes
 Hardware stack levels used:    1
 Hardware stack levels required when called:   10
 This function calls:
		_LCDGoto
		_LCDPutStr
 This function is called by:
		_idleScreen
 This function uses a non-reentrant model


 *************** function _LCDPutStr *****************
 Defined at:
		line 131 in file "lcd.c"
 Parameters:    Size  Location     Type
  str             2   14[BANK0 ] PTR const unsigned char 
		 -> STR_4(2), STR_3(2), STR_2(17), STR_1(17), 
 Auto vars:     Size  Location     Type
  i               1   19[BANK0 ] unsigned char 
 Return value:  Size  Location     Type
                  1    wreg      void 
 Registers used:
		wreg, fsr0l, fsr0h, status,2, status,0, pclath, cstack
 Tracked objects:
		On entry : 
		On exit  : 
		Unchanged: 
 Data sizes:     COMMON   BANK0   BANK1   BANK2   BANK3   BANK4   BANK5   BANK6   BANK7   BANK8   BANK9  BANK10  BANK11  BANK12  BANK13  BANK14  BANK15  BANK16  BANK17  BANK18  BANK19  BANK20  BANK21  BANK22  BANK23  BANK24  BANK25
      Params:         0       2       0       0       0       0       0       0       0       0       0       0       0       0       0       0       0       0       0       0       0       0       0       0       0       0       0
      Locals:         0       1       0       0       0       0       0       0       0       0       0       0       0       0       0       0       0       0       0       0       0       0       0       0       0       0       0
      Temps:          0       3       0       0       0       0       0       0       0       0       0       0       0       0       0       0       0       0       0       0       0       0       0       0       0       0       0
      Totals:         0       6       0       0       0       0       0       0       0       0       0       0       0       0       0       0       0       0       0       0       0       0       0       0       0       0       0
Total ram usage:        6 bytes
 Hardware stack levels used:    1
 Hardware stack levels required when called:    9
 This function calls:
		_LCDPutChar
 This function is called by:
		_LCDClear
 This function uses a non-reentrant model


 *************** function _LCDGoto *****************
 Defined at:
		line 143 in file "lcd.c"
 Parameters:    Size  Location     Type
  pos             1    wreg     unsigned char 
  ln              1   14[BANK0 ] unsigned char 
 Auto vars:     Size  Location     Type
  pos             1   17[BANK0 ] unsigned char 
 Return value:  Size  Location     Type
                  1    wreg      void 
 Registers used:
		wreg, status,2, status,0, pclath, cstack
 Tracked objects:
		On entry : 
		On exit  : 
		Unchanged: 
 Data sizes:     COMMON   BANK0   BANK1   BANK2   BANK3   BANK4   BANK5   BANK6   BANK7   BANK8   BANK9  BANK10  BANK11  BANK12  BANK13  BANK14  BANK15  BANK16  BANK17  BANK18  BANK19  BANK20  BANK21  BANK22  BANK23  BANK24  BANK25
      Params:         0       1       0       0       0       0       0       0       0       0       0       0       0       0       0       0       0       0       0       0       0       0       0       0       0       0       0
      Locals:         0       3       0       0       0       0       0       0       0       0       0       0       0       0       0       0       0       0       0       0       0       0       0       0       0       0       0
      Temps:          0       0       0       0       0       0       0       0       0       0       0       0       0       0       0       0       0       0       0       0       0       0       0       0       0       0       0
      Totals:         0       4       0       0       0       0       0       0       0       0       0       0       0       0       0       0       0       0       0       0       0       0       0       0       0       0       0
Total ram usage:        4 bytes
 Hardware stack levels used:    1
 Hardware stack levels required when called:    9
 This function calls:
		_LCDPutCmd
 This function is called by:
		_LCDClear
		_idleScreen
 This function uses a non-reentrant model


 *************** function _createCustomCharacter *****************
 Defined at:
		line 26 in file "functions.c"
 Parameters:    Size  Location     Type
  Pattern         1    wreg     PTR unsigned char 
		 -> main@Pattern4(8), main@Pattern3(8), main@Pattern2(8), main@Pattern1(8), 
  Location        1   14[BANK0 ] const unsigned char 
 Auto vars:     Size  Location     Type
  Pattern         1   16[BANK0 ] PTR unsigned char 
		 -> main@Pattern4(8), main@Pattern3(8), main@Pattern2(8), main@Pattern1(8), 
  i               2   17[BANK0 ] int 
 Return value:  Size  Location     Type
                  1    wreg      void 
 Registers used:
		wreg, fsr1l, fsr1h, status,2, status,0, pclath, cstack
 Tracked objects:
		On entry : 
		On exit  : 
		Unchanged: 
 Data sizes:     COMMON   BANK0   BANK1   BANK2   BANK3   BANK4   BANK5   BANK6   BANK7   BANK8   BANK9  BANK10  BANK11  BANK12  BANK13  BANK14  BANK15  BANK16  BANK17  BANK18  BANK19  BANK20  BANK21  BANK22  BANK23  BANK24  BANK25
      Params:         0       1       0       0       0       0       0       0       0       0       0       0       0       0       0       0       0       0       0       0       0       0       0       0       0       0       0
      Locals:         0       3       0       0       0       0       0       0       0       0       0       0       0       0       0       0       0       0       0       0       0       0       0       0       0       0       0
      Temps:          0       1       0       0       0       0       0       0       0       0       0       0       0       0       0       0       0       0       0       0       0       0       0       0       0       0       0
      Totals:         0       5       0       0       0       0       0       0       0       0       0       0       0       0       0       0       0       0       0       0       0       0       0       0       0       0       0
Total ram usage:        5 bytes
 Hardware stack levels used:    1
 Hardware stack levels required when called:    9
 This function calls:
		_LCDPutChar
		_LCDPutCmd
 This function is called by:
		_main
 This function uses a non-reentrant model


 *************** function _LCDPutChar *****************
 Defined at:
		line 101 in file "lcd.c"
 Parameters:    Size  Location     Type
  ch              1    wreg     unsigned char 
 Auto vars:     Size  Location     Type
  ch              1   13[BANK0 ] unsigned char 
 Return value:  Size  Location     Type
                  1    wreg      void 
 Registers used:
		wreg, status,2, status,0, pclath, cstack
 Tracked objects:
		On entry : 
		On exit  : 
		Unchanged: 
 Data sizes:     COMMON   BANK0   BANK1   BANK2   BANK3   BANK4   BANK5   BANK6   BANK7   BANK8   BANK9  BANK10  BANK11  BANK12  BANK13  BANK14  BANK15  BANK16  BANK17  BANK18  BANK19  BANK20  BANK21  BANK22  BANK23  BANK24  BANK25
      Params:         0       0       0       0       0       0       0       0       0       0       0       0       0       0       0       0       0       0       0       0       0       0       0       0       0       0       0
      Locals:         0       1       0       0       0       0       0       0       0       0       0       0       0       0       0       0       0       0       0       0       0       0       0       0       0       0       0
      Temps:          0       2       0       0       0       0       0       0       0       0       0       0       0       0       0       0       0       0       0       0       0       0       0       0       0       0       0
      Totals:         0       3       0       0       0       0       0       0       0       0       0       0       0       0       0       0       0       0       0       0       0       0       0       0       0       0       0
Total ram usage:        3 bytes
 Hardware stack levels used:    1
 Hardware stack levels required when called:    8
 This function calls:
		_LCDWriteNibble
 This function is called by:
		_LCDPutStr
		_createCustomCharacter
		_idleScreen
 This function uses a non-reentrant model


 *************** function _SYSTEM_Initialize *****************
 Defined at:
		line 50 in file "mcc_generated_files/mcc.c"
 Parameters:    Size  Location     Type
		None
 Auto vars:     Size  Location     Type
		None
 Return value:  Size  Location     Type
                  1    wreg      void 
 Registers used:
		wreg, status,2, status,0, pclath, cstack
 Tracked objects:
		On entry : 
		On exit  : 
		Unchanged: 
 Data sizes:     COMMON   BANK0   BANK1   BANK2   BANK3   BANK4   BANK5   BANK6   BANK7   BANK8   BANK9  BANK10  BANK11  BANK12  BANK13  BANK14  BANK15  BANK16  BANK17  BANK18  BANK19  BANK20  BANK21  BANK22  BANK23  BANK24  BANK25
      Params:         0       0       0       0       0       0       0       0       0       0       0       0       0       0       0       0       0       0       0       0       0       0       0       0       0       0       0
      Locals:         0       0       0       0       0       0       0       0       0       0       0       0       0       0       0       0       0       0       0       0       0       0       0       0       0       0       0
      Temps:          0       0       0       0       0       0       0       0       0       0       0       0       0       0       0       0       0       0       0       0       0       0       0       0       0       0       0
      Totals:         0       0       0       0       0       0       0       0       0       0       0       0       0       0       0       0       0       0       0       0       0       0       0       0       0       0       0
Total ram usage:        0 bytes
 Hardware stack levels used:    1
 Hardware stack levels required when called:    9
 This function calls:
		_OSCILLATOR_Initialize
		_PIN_MANAGER_Initialize
		_WDT_Initialize
 This function is called by:
		_main
 This function uses a non-reentrant model


 *************** function _WDT_Initialize *****************
 Defined at:
		line 68 in file "mcc_generated_files/mcc.c"
 Parameters:    Size  Location     Type
		None
 Auto vars:     Size  Location     Type
		None
 Return value:  Size  Location     Type
                  1    wreg      void 
 Registers used:
		wreg
 Tracked objects:
		On entry : 
		On exit  : 
		Unchanged: 
 Data sizes:     COMMON   BANK0   BANK1   BANK2   BANK3   BANK4   BANK5   BANK6   BANK7   BANK8   BANK9  BANK10  BANK11  BANK12  BANK13  BANK14  BANK15  BANK16  BANK17  BANK18  BANK19  BANK20  BANK21  BANK22  BANK23  BANK24  BANK25
      Params:         0       0       0       0       0       0       0       0       0       0       0       0       0       0       0       0       0       0       0       0       0       0       0       0       0       0       0
      Locals:         0       0       0       0       0       0       0       0       0       0       0       0       0       0       0       0       0       0       0       0       0       0       0       0       0       0       0
      Temps:          0       0       0       0       0       0       0       0       0       0       0       0       0       0       0       0       0       0       0       0       0       0       0       0       0       0       0
      Totals:         0       0       0       0       0       0       0       0       0       0       0       0       0       0       0       0       0       0       0       0       0       0       0       0       0       0       0
Total ram usage:        0 bytes
 Hardware stack levels used:    1
 Hardware stack levels required when called:    7
 This function calls:
		Nothing
 This function is called by:
		_SYSTEM_Initialize
 This function uses a non-reentrant model


 *************** function _PIN_MANAGER_Initialize *****************
 Defined at:
		line 62 in file "mcc_generated_files/pin_manager.c"
 Parameters:    Size  Location     Type
		None
 Auto vars:     Size  Location     Type
		None
 Return value:  Size  Location     Type
                  1    wreg      void 
 Registers used:
		wreg, status,2, status,0, pclath, cstack
 Tracked objects:
		On entry : 
		On exit  : 
		Unchanged: 
 Data sizes:     COMMON   BANK0   BANK1   BANK2   BANK3   BANK4   BANK5   BANK6   BANK7   BANK8   BANK9  BANK10  BANK11  BANK12  BANK13  BANK14  BANK15  BANK16  BANK17  BANK18  BANK19  BANK20  BANK21  BANK22  BANK23  BANK24  BANK25
      Params:         0       0       0       0       0       0       0       0       0       0       0       0       0       0       0       0       0       0       0       0       0       0       0       0       0       0       0
      Locals:         0       0       0       0       0       0       0       0       0       0       0       0       0       0       0       0       0       0       0       0       0       0       0       0       0       0       0
      Temps:          0       0       0       0       0       0       0       0       0       0       0       0       0       0       0       0       0       0       0       0       0       0       0       0       0       0       0
      Totals:         0       0       0       0       0       0       0       0       0       0       0       0       0       0       0       0       0       0       0       0       0       0       0       0       0       0       0
Total ram usage:        0 bytes
 Hardware stack levels used:    1
 Hardware stack levels required when called:    8
 This function calls:
		_IOCAF0_SetInterruptHandler
		_IOCAF1_SetInterruptHandler
		_IOCAF2_SetInterruptHandler
		_IOCAF3_SetInterruptHandler
		_IOCAF4_SetInterruptHandler
		_IOCAF5_SetInterruptHandler
 This function is called by:
		_SYSTEM_Initialize
 This function uses a non-reentrant model


 *************** function _IOCAF5_SetInterruptHandler *****************
 Defined at:
		line 377 in file "mcc_generated_files/pin_manager.c"
 Parameters:    Size  Location     Type
  InterruptHan    2    7[BANK0 ] PTR FTN()void 
		 -> IOCAF5_DefaultInterruptHandler(1), 
 Auto vars:     Size  Location     Type
		None
 Return value:  Size  Location     Type
                  1    wreg      void 
 Registers used:
		wreg
 Tracked objects:
		On entry : 
		On exit  : 
		Unchanged: 
 Data sizes:     COMMON   BANK0   BANK1   BANK2   BANK3   BANK4   BANK5   BANK6   BANK7   BANK8   BANK9  BANK10  BANK11  BANK12  BANK13  BANK14  BANK15  BANK16  BANK17  BANK18  BANK19  BANK20  BANK21  BANK22  BANK23  BANK24  BANK25
      Params:         0       2       0       0       0       0       0       0       0       0       0       0       0       0       0       0       0       0       0       0       0       0       0       0       0       0       0
      Locals:         0       0       0       0       0       0       0       0       0       0       0       0       0       0       0       0       0       0       0       0       0       0       0       0       0       0       0
      Temps:          0       0       0       0       0       0       0       0       0       0       0       0       0       0       0       0       0       0       0       0       0       0       0       0       0       0       0
      Totals:         0       2       0       0       0       0       0       0       0       0       0       0       0       0       0       0       0       0       0       0       0       0       0       0       0       0       0
Total ram usage:        2 bytes
 Hardware stack levels used:    1
 Hardware stack levels required when called:    7
 This function calls:
		Nothing
 This function is called by:
		_PIN_MANAGER_Initialize
 This function uses a non-reentrant model


 *************** function _IOCAF4_SetInterruptHandler *****************
 Defined at:
		line 347 in file "mcc_generated_files/pin_manager.c"
 Parameters:    Size  Location     Type
  InterruptHan    2    7[BANK0 ] PTR FTN()void 
		 -> IOCAF4_DefaultInterruptHandler(1), 
 Auto vars:     Size  Location     Type
		None
 Return value:  Size  Location     Type
                  1    wreg      void 
 Registers used:
		wreg
 Tracked objects:
		On entry : 
		On exit  : 
		Unchanged: 
 Data sizes:     COMMON   BANK0   BANK1   BANK2   BANK3   BANK4   BANK5   BANK6   BANK7   BANK8   BANK9  BANK10  BANK11  BANK12  BANK13  BANK14  BANK15  BANK16  BANK17  BANK18  BANK19  BANK20  BANK21  BANK22  BANK23  BANK24  BANK25
      Params:         0       2       0       0       0       0       0       0       0       0       0       0       0       0       0       0       0       0       0       0       0       0       0       0       0       0       0
      Locals:         0       0       0       0       0       0       0       0       0       0       0       0       0       0       0       0       0       0       0       0       0       0       0       0       0       0       0
      Temps:          0       0       0       0       0       0       0       0       0       0       0       0       0       0       0       0       0       0       0       0       0       0       0       0       0       0       0
      Totals:         0       2       0       0       0       0       0       0       0       0       0       0       0       0       0       0       0       0       0       0       0       0       0       0       0       0       0
Total ram usage:        2 bytes
 Hardware stack levels used:    1
 Hardware stack levels required when called:    7
 This function calls:
		Nothing
 This function is called by:
		_PIN_MANAGER_Initialize
 This function uses a non-reentrant model


 *************** function _IOCAF3_SetInterruptHandler *****************
 Defined at:
		line 317 in file "mcc_generated_files/pin_manager.c"
 Parameters:    Size  Location     Type
  InterruptHan    2    7[BANK0 ] PTR FTN()void 
		 -> IOCAF3_DefaultInterruptHandler(1), 
 Auto vars:     Size  Location     Type
		None
 Return value:  Size  Location     Type
                  1    wreg      void 
 Registers used:
		wreg
 Tracked objects:
		On entry : 
		On exit  : 
		Unchanged: 
 Data sizes:     COMMON   BANK0   BANK1   BANK2   BANK3   BANK4   BANK5   BANK6   BANK7   BANK8   BANK9  BANK10  BANK11  BANK12  BANK13  BANK14  BANK15  BANK16  BANK17  BANK18  BANK19  BANK20  BANK21  BANK22  BANK23  BANK24  BANK25
      Params:         0       2       0       0       0       0       0       0       0       0       0       0       0       0       0       0       0       0       0       0       0       0       0       0       0       0       0
      Locals:         0       0       0       0       0       0       0       0       0       0       0       0       0       0       0       0       0       0       0       0       0       0       0       0       0       0       0
      Temps:          0       0       0       0       0       0       0       0       0       0       0       0       0       0       0       0       0       0       0       0       0       0       0       0       0       0       0
      Totals:         0       2       0       0       0       0       0       0       0       0       0       0       0       0       0       0       0       0       0       0       0       0       0       0       0       0       0
Total ram usage:        2 bytes
 Hardware stack levels used:    1
 Hardware stack levels required when called:    7
 This function calls:
		Nothing
 This function is called by:
		_PIN_MANAGER_Initialize
 This function uses a non-reentrant model


 *************** function _IOCAF2_SetInterruptHandler *****************
 Defined at:
		line 286 in file "mcc_generated_files/pin_manager.c"
 Parameters:    Size  Location     Type
  InterruptHan    2    7[BANK0 ] PTR FTN()void 
		 -> IOCAF2_DefaultInterruptHandler(1), 
 Auto vars:     Size  Location     Type
		None
 Return value:  Size  Location     Type
                  1    wreg      void 
 Registers used:
		wreg
 Tracked objects:
		On entry : 
		On exit  : 
		Unchanged: 
 Data sizes:     COMMON   BANK0   BANK1   BANK2   BANK3   BANK4   BANK5   BANK6   BANK7   BANK8   BANK9  BANK10  BANK11  BANK12  BANK13  BANK14  BANK15  BANK16  BANK17  BANK18  BANK19  BANK20  BANK21  BANK22  BANK23  BANK24  BANK25
      Params:         0       2       0       0       0       0       0       0       0       0       0       0       0       0       0       0       0       0       0       0       0       0       0       0       0       0       0
      Locals:         0       0       0       0       0       0       0       0       0       0       0       0       0       0       0       0       0       0       0       0       0       0       0       0       0       0       0
      Temps:          0       0       0       0       0       0       0       0       0       0       0       0       0       0       0       0       0       0       0       0       0       0       0       0       0       0       0
      Totals:         0       2       0       0       0       0       0       0       0       0       0       0       0       0       0       0       0       0       0       0       0       0       0       0       0       0       0
Total ram usage:        2 bytes
 Hardware stack levels used:    1
 Hardware stack levels required when called:    7
 This function calls:
		Nothing
 This function is called by:
		_PIN_MANAGER_Initialize
 This function uses a non-reentrant model


 *************** function _IOCAF1_SetInterruptHandler *****************
 Defined at:
		line 256 in file "mcc_generated_files/pin_manager.c"
 Parameters:    Size  Location     Type
  InterruptHan    2    7[BANK0 ] PTR FTN()void 
		 -> IOCAF1_DefaultInterruptHandler(1), 
 Auto vars:     Size  Location     Type
		None
 Return value:  Size  Location     Type
                  1    wreg      void 
 Registers used:
		wreg
 Tracked objects:
		On entry : 
		On exit  : 
		Unchanged: 
 Data sizes:     COMMON   BANK0   BANK1   BANK2   BANK3   BANK4   BANK5   BANK6   BANK7   BANK8   BANK9  BANK10  BANK11  BANK12  BANK13  BANK14  BANK15  BANK16  BANK17  BANK18  BANK19  BANK20  BANK21  BANK22  BANK23  BANK24  BANK25
      Params:         0       2       0       0       0       0       0       0       0       0       0       0       0       0       0       0       0       0       0       0       0       0       0       0       0       0       0
      Locals:         0       0       0       0       0       0       0       0       0       0       0       0       0       0       0       0       0       0       0       0       0       0       0       0       0       0       0
      Temps:          0       0       0       0       0       0       0       0       0       0       0       0       0       0       0       0       0       0       0       0       0       0       0       0       0       0       0
[...]
Total ram usage:        0 bytes
 Hardware stack levels used:    1
 Hardware stack levels required when called:    1
 This function calls:
		Absolute function
		_IOCAF1_DefaultInterruptHandler
 This function is called by:
		_PIN_MANAGER_IOC
 This function uses a non-reentrant model


 *************** function _IOCAF1_DefaultInterruptHandler *****************
 Defined at:
		line 263 in file "mcc_generated_files/pin_manager.c"
 Parameters:    Size  Location     Type
		None
 Auto vars:     Size  Location     Type
		None
 Return value:  Size  Location     Type
                  1    wreg      void 
 Registers used:
		None
 Tracked objects:
		On entry : 
		On exit  : 
		Unchanged: 
 Data sizes:     COMMON   BANK0   BANK1   BANK2   BANK3   BANK4   BANK5   BANK6   BANK7   BANK8   BANK9  BANK10  BANK11  BANK12  BANK13  BANK14  BANK15  BANK16  BANK17  BANK18  BANK19  BANK20  BANK21  BANK22  BANK23  BANK24  BANK25
      Params:         0       0       0       0       0       0       0       0       0       0       0       0       0       0       0       0       0       0       0       0       0       0       0       0       0       0       0
      Locals:         0       0       0       0       0       0       0       0       0       0       0       0       0       0       0       0       0       0       0       0       0       0       0       0       0       0       0
      Temps:          0       0       0       0       0       0       0       0       0       0       0       0       0       0       0       0       0       0       0       0       0       0       0       0       0       0       0
      Totals:         0       0       0       0       0       0       0       0       0       0       0       0       0       0       0       0       0       0       0       0       0       0       0       0       0       0       0
Total ram usage:        0 bytes
 Hardware stack levels used:    1
 This function calls:
		Nothing
 This function is called by:
		_PIN_MANAGER_Initialize
		_IOCAF1_ISR
 This function uses a non-reentrant model


 *************** function _IOCAF0_ISR *****************
 Defined at:
		line 210 in file "mcc_generated_files/pin_manager.c"
 Parameters:    Size  Location     Type
		None
 Auto vars:     Size  Location     Type
		None
 Return value:  Size  Location     Type
                  1    wreg      void 
 Registers used:
		wreg, fsr0l, fsr0h, status,2, status,0, pclath, cstack
 Tracked objects:
		On entry : 
		On exit  : 
		Unchanged: 
 Data sizes:     COMMON   BANK0   BANK1   BANK2   BANK3   BANK4   BANK5   BANK6   BANK7   BANK8   BANK9  BANK10  BANK11  BANK12  BANK13  BANK14  BANK15  BANK16  BANK17  BANK18  BANK19  BANK20  BANK21  BANK22  BANK23  BANK24  BANK25
      Params:         0       0       0       0       0       0       0       0       0       0       0       0       0       0       0       0       0       0       0       0       0       0       0       0       0       0       0
      Locals:         0       0       0       0       0       0       0       0       0       0       0       0       0       0       0       0       0       0       0       0       0       0       0       0       0       0       0
      Temps:          0       0       0       0       0       0       0       0       0       0       0       0       0       0       0       0       0       0       0       0       0       0       0       0       0       0       0
      Totals:         0       0       0       0       0       0       0       0       0       0       0       0       0       0       0       0       0       0       0       0       0       0       0       0       0       0       0
Total ram usage:        0 bytes
 Hardware stack levels used:    1
 Hardware stack levels required when called:    4
 This function calls:
		Absolute function
		_IOCAF0_DefaultInterruptHandler
		_basicShoot
 This function is called by:
		_PIN_MANAGER_IOC
 This function uses a non-reentrant model


 *************** function _basicShoot *****************
 Defined at:
		line 71 in file "functions.c"
 Parameters:    Size  Location     Type
  direction       2    0[BANK0 ] int 
 Auto vars:     Size  Location     Type
  j               2    4[BANK0 ] int 
  j               2    2[BANK0 ] int 
 Return value:  Size  Location     Type
                  1    wreg      void 
 Registers used:
		wreg, fsr0l, fsr0h, status,2, status,0, pclath, cstack
 Tracked objects:
		On entry : 
		On exit  : 
		Unchanged: 
 Data sizes:     COMMON   BANK0   BANK1   BANK2   BANK3   BANK4   BANK5   BANK6   BANK7   BANK8   BANK9  BANK10  BANK11  BANK12  BANK13  BANK14  BANK15  BANK16  BANK17  BANK18  BANK19  BANK20  BANK21  BANK22  BANK23  BANK24  BANK25
      Params:         0       2       0       0       0       0       0       0       0       0       0       0       0       0       0       0       0       0       0       0       0       0       0       0       0       0       0
      Locals:         0       4       0       0       0       0       0       0       0       0       0       0       0       0       0       0       0       0       0       0       0       0       0       0       0       0       0
      Temps:          1       0       0       0       0       0       0       0       0       0       0       0       0       0       0       0       0       0       0       0       0       0       0       0       0       0       0
      Totals:         1       6       0       0       0       0       0       0       0       0       0       0       0       0       0       0       0       0       0       0       0       0       0       0       0       0       0
Total ram usage:        7 bytes
 Hardware stack levels used:    1
 Hardware stack levels required when called:    3
 This function calls:
		i1_LCDGoto
		i1_LCDPutChar
		i1_LCDPutStr
 This function is called by:
		_IOCAF0_ISR
		_IOCAF3_ISR
 This function uses a non-reentrant model


 *************** function i1_LCDPutStr *****************
 Defined at:
		line 131 in file "lcd.c"
 Parameters:    Size  Location     Type
  str             2    7[COMMON] PTR const unsigned char 
		 -> STR_4(2), STR_3(2), STR_2(17), STR_1(17), 
 Auto vars:     Size  Location     Type
  i               1   12[COMMON] unsigned char 
 Return value:  Size  Location     Type
                  1    wreg      void 
 Registers used:
		wreg, fsr0l, fsr0h, status,2, status,0, pclath, cstack
 Tracked objects:
		On entry : 
		On exit  : 
		Unchanged: 
 Data sizes:     COMMON   BANK0   BANK1   BANK2   BANK3   BANK4   BANK5   BANK6   BANK7   BANK8   BANK9  BANK10  BANK11  BANK12  BANK13  BANK14  BANK15  BANK16  BANK17  BANK18  BANK19  BANK20  BANK21  BANK22  BANK23  BANK24  BANK25
      Params:         2       0       0       0       0       0       0       0       0       0       0       0       0       0       0       0       0       0       0       0       0       0       0       0       0       0       0
      Locals:         1       0       0       0       0       0       0       0       0       0       0       0       0       0       0       0       0       0       0       0       0       0       0       0       0       0       0
      Temps:          3       0       0       0       0       0       0       0       0       0       0       0       0       0       0       0       0       0       0       0       0       0       0       0       0       0       0
      Totals:         6       0       0       0       0       0       0       0       0       0       0       0       0       0       0       0       0       0       0       0       0       0       0       0       0       0       0
Total ram usage:        6 bytes
 Hardware stack levels used:    1
 Hardware stack levels required when called:    2
 This function calls:
		i1_LCDPutChar
 This function is called by:
		_basicShoot
 This function uses a non-reentrant model


 *************** function i1_LCDPutChar *****************
 Defined at:
		line 101 in file "lcd.c"
 Parameters:    Size  Location     Type
  ch              1    wreg     unsigned char 
 Auto vars:     Size  Location     Type
  ch              1    6[COMMON] unsigned char 
 Return value:  Size  Location     Type
                  1    wreg      void 
 Registers used:
		wreg, status,2, status,0, pclath, cstack
 Tracked objects:
		On entry : 
		On exit  : 
		Unchanged: 
 Data sizes:     COMMON   BANK0   BANK1   BANK2   BANK3   BANK4   BANK5   BANK6   BANK7   BANK8   BANK9  BANK10  BANK11  BANK12  BANK13  BANK14  BANK15  BANK16  BANK17  BANK18  BANK19  BANK20  BANK21  BANK22  BANK23  BANK24  BANK25
      Params:         0       0       0       0       0       0       0       0       0       0       0       0       0       0       0       0       0       0       0       0       0       0       0       0       0       0       0
      Locals:         1       0       0       0       0       0       0       0       0       0       0       0       0       0       0       0       0       0       0       0       0       0       0       0       0       0       0
      Temps:          2       0       0       0       0       0       0       0       0       0       0       0       0       0       0       0       0       0       0       0       0       0       0       0       0       0       0
      Totals:         3       0       0       0       0       0       0       0       0       0       0       0       0       0       0       0       0       0       0       0       0       0       0       0       0       0       0
Total ram usage:        3 bytes
 Hardware stack levels used:    1
 Hardware stack levels required when called:    1
 This function calls:
		i1_LCDWriteNibble
 This function is called by:
		_basicShoot
		i1_LCDPutStr
 This function uses a non-reentrant model


 *************** function i1_LCDGoto *****************
 Defined at:
		line 143 in file "lcd.c"
 Parameters:    Size  Location     Type
  pos             1    wreg     unsigned char 
  ln              1    7[COMMON] unsigned char 
 Auto vars:     Size  Location     Type
  pos             1   10[COMMON] unsigned char 
 Return value:  Size  Location     Type
                  1    wreg      void 
 Registers used:
		wreg, status,2, status,0, pclath, cstack
 Tracked objects:
		On entry : 
		On exit  : 
		Unchanged: 
 Data sizes:     COMMON   BANK0   BANK1   BANK2   BANK3   BANK4   BANK5   BANK6   BANK7   BANK8   BANK9  BANK10  BANK11  BANK12  BANK13  BANK14  BANK15  BANK16  BANK17  BANK18  BANK19  BANK20  BANK21  BANK22  BANK23  BANK24  BANK25
      Params:         1       0       0       0       0       0       0       0       0       0       0       0       0       0       0       0       0       0       0       0       0       0       0       0       0       0       0
      Locals:         3       0       0       0       0       0       0       0       0       0       0       0       0       0       0       0       0       0       0       0       0       0       0       0       0       0       0
      Temps:          0       0       0       0       0       0       0       0       0       0       0       0       0       0       0       0       0       0       0       0       0       0       0       0       0       0       0
      Totals:         4       0       0       0       0       0       0       0       0       0       0       0       0       0       0       0       0       0       0       0       0       0       0       0       0       0       0
Total ram usage:        4 bytes
 Hardware stack levels used:    1
 Hardware stack levels required when called:    2
 This function calls:
		i1_LCDPutCmd
 This function is called by:
		_basicShoot
 This function uses a non-reentrant model


 *************** function i1_LCDPutCmd *****************
 Defined at:
		line 115 in file "lcd.c"
 Parameters:    Size  Location     Type
  ch              1    wreg     unsigned char 
 Auto vars:     Size  Location     Type
  ch              1    6[COMMON] unsigned char 
 Return value:  Size  Location     Type
                  1    wreg      void 
 Registers used:
		wreg, status,2, status,0, pclath, cstack
 Tracked objects:
		On entry : 
		On exit  : 
		Unchanged: 
 Data sizes:     COMMON   BANK0   BANK1   BANK2   BANK3   BANK4   BANK5   BANK6   BANK7   BANK8   BANK9  BANK10  BANK11  BANK12  BANK13  BANK14  BANK15  BANK16  BANK17  BANK18  BANK19  BANK20  BANK21  BANK22  BANK23  BANK24  BANK25
      Params:         0       0       0       0       0       0       0       0       0       0       0       0       0       0       0       0       0       0       0       0       0       0       0       0       0       0       0
      Locals:         1       0       0       0       0       0       0       0       0       0       0       0       0       0       0       0       0       0       0       0       0       0       0       0       0       0       0
      Temps:          2       0       0       0       0       0       0       0       0       0       0       0       0       0       0       0       0       0       0       0       0       0       0       0       0       0       0
      Totals:         3       0       0       0       0       0       0       0       0       0       0       0       0       0       0       0       0       0       0       0       0       0       0       0       0       0       0
Total ram usage:        3 bytes
 Hardware stack levels used:    1
 Hardware stack levels required when called:    1
 This function calls:
		i1_LCDWriteNibble
 This function is called by:
		i1_LCDGoto
 This function uses a non-reentrant model


 *************** function i1_LCDWriteNibble *****************
 Defined at:
		line 74 in file "lcd.c"
 Parameters:    Size  Location     Type
  ch              1    wreg     unsigned char 
  rs              1    0[COMMON] unsigned char 
 Auto vars:     Size  Location     Type
  ch              1    3[COMMON] unsigned char 
 Return value:  Size  Location     Type
                  1    wreg      void 
 Registers used:
		wreg, status,2, status,0
 Tracked objects:
		On entry : 
		On exit  : 
		Unchanged: 
 Data sizes:     COMMON   BANK0   BANK1   BANK2   BANK3   BANK4   BANK5   BANK6   BANK7   BANK8   BANK9  BANK10  BANK11  BANK12  BANK13  BANK14  BANK15  BANK16  BANK17  BANK18  BANK19  BANK20  BANK21  BANK22  BANK23  BANK24  BANK25
      Params:         1       0       0       0       0       0       0       0       0       0       0       0       0       0       0       0       0       0       0       0       0       0       0       0       0       0       0
      Locals:         1       0       0       0       0       0       0       0       0       0       0       0       0       0       0       0       0       0       0       0       0       0       0       0       0       0       0
      Temps:          2       0       0       0       0       0       0       0       0       0       0       0       0       0       0       0       0       0       0       0       0       0       0       0       0       0       0
      Totals:         4       0       0       0       0       0       0       0       0       0       0       0       0       0       0       0       0       0       0       0       0       0       0       0       0       0       0
Total ram usage:        4 bytes
 Hardware stack levels used:    1
 This function calls:
		Nothing
 This function is called by:
		i1_LCDPutChar
		i1_LCDPutCmd
 This function uses a non-reentrant model


 *************** function _IOCAF0_DefaultInterruptHandler *****************
 Defined at:
		line 233 in file "mcc_generated_files/pin_manager.c"
 Parameters:    Size  Location     Type
		None
 Auto vars:     Size  Location     Type
		None
 Return value:  Size  Location     Type
                  1    wreg      void 
 Registers used:
		None
 Tracked objects:
		On entry : 
		On exit  : 
		Unchanged: 
 Data sizes:     COMMON   BANK0   BANK1   BANK2   BANK3   BANK4   BANK5   BANK6   BANK7   BANK8   BANK9  BANK10  BANK11  BANK12  BANK13  BANK14  BANK15  BANK16  BANK17  BANK18  BANK19  BANK20  BANK21  BANK22  BANK23  BANK24  BANK25
      Params:         0       0       0       0       0       0       0       0       0       0       0       0       0       0       0       0       0       0       0       0       0       0       0       0       0       0       0
      Locals:         0       0       0       0       0       0       0       0       0       0       0       0       0       0       0       0       0       0       0       0       0       0       0       0       0       0       0
      Temps:          0       0       0       0       0       0       0       0       0       0       0       0       0       0       0       0       0       0       0       0       0       0       0       0       0       0       0
      Totals:         0       0       0       0       0       0       0       0       0       0       0       0       0       0       0       0       0       0       0       0       0       0       0       0       0       0       0
Total ram usage:        0 bytes
 Hardware stack levels used:    1
 This function calls:
		Nothing
 This function is called by:
		_PIN_MANAGER_Initialize
		_IOCAF0_ISR
 This function uses a non-reentrant model



MODULE INFORMATION

Module		Function		Class		Link	Load	Size
mcc_generated_files/interrupt_manager.c
		_INTERRUPT_InterruptManager		CODE           	0004	0000	25

mcc_generated_files/interrupt_manager.c estimated size: 25

functions.c
		_basicShoot    		CODE           	003B	0000	119
		_idleScreen    		CODE           	039D	0000	24
		_createCustomCharacter		CODE           	01B9	0000	47

functions.c estimated size: 190

mcc_generated_files/pin_manager.c
		_IOCAF5_SetInterruptHandler		CODE           	044E	0000	6
		_PIN_MANAGER_Initialize		CODE           	00B2	0000	114
		_IOCAF1_DefaultInterruptHandler		CODE           	047A	0000	1
		_IOCAF4_DefaultInterruptHandler		CODE           	0477	0000	1
		_IOCAF1_ISR    		CODE           	0420	0000	15
		_IOCAF0_SetInterruptHandler		CODE           	046C	0000	6
		_IOCAF4_ISR    		CODE           	0402	0000	15
		_IOCAF3_SetInterruptHandler		CODE           	045A	0000	6
		_IOCAF2_DefaultInterruptHandler		CODE           	0479	0000	1
		_IOCAF5_DefaultInterruptHandler		CODE           	0476	0000	1
		_IOCAF2_ISR    		CODE           	0411	0000	15
		_IOCAF1_SetInterruptHandler		CODE           	0466	0000	6
		_IOCAF5_ISR    		CODE           	03F3	0000	15
		_PIN_MANAGER_IOC		CODE           	0188	0000	49
		_IOCAF4_SetInterruptHandler		CODE           	0454	0000	6
		_IOCAF0_DefaultInterruptHandler		CODE           	047B	0000	1
		_IOCAF3_DefaultInterruptHandler		CODE           	0478	0000	1
		_IOCAF0_ISR    		CODE           	03CC	0000	22
		_IOCAF3_ISR    		CODE           	03B5	0000	23
		_IOCAF2_SetInterruptHandler		CODE           	0460	0000	6

mcc_generated_files/pin_manager.c estimated size: 310

shared
		i1_LCDGoto     		CODE           	0238	0000	39
		i1_LCDPutCmd   		CODE           	032B	0000	31
		i1_LCDPutStr   		CODE           	025F	0000	38
		i1_LCDPutChar  		CODE           	0368	0000	29
		__initialization		CODE           	001F	0000	24
		i1_LCDWriteNibble		CODE           	030B	0000	32

shared estimated size: 193

mcc_generated_files/mcc.c
		_WDT_Initialize		CODE           	0472	0000	4
		_OSCILLATOR_Initialize		CODE           	0441	0000	7
		_SYSTEM_Initialize		CODE           	042F	0000	10

mcc_generated_files/mcc.c estimated size: 21

lcd.c
		_LCDClear      		CODE           	034A	0000	30
		_LCDPutCmd     		CODE           	02A8	0000	35
		_LCDPutStr     		CODE           	01E8	0000	40
		_LCDPutChar    		CODE           	02CB	0000	32
		_LCD_Initialize		CODE           	0285	0000	35
		_LCDWriteNibble		CODE           	02EB	0000	32
		_LCDGoto       		CODE           	0210	0000	40

lcd.c estimated size: 244

main.c
		_main          		CODE           	0124	0000	100

main.c estimated size: 100

