Microchip MPLAB XC8 Compiler V2.31

Linker command line:

-W-3 --edf=C:\Program Files\Microchip\xc8\v2.31\pic\dat\en_msgs.txt -cn \
  -h+dist/default/production\S2_1991255.X.production.sym \
  --cmf=dist/default/production\S2_1991255.X.production.cmf -z -Q16LF1718 \
  -oC:\Users\davfe\AppData\Local\Temp\s25o8.2 --defsym=__MPLAB_BUILD=1 \
  -Mdist/default/production/S2_1991255.X.production.map -E1 \
  -ver=XC8 Compiler --acfsm=1493 -ASTACK=02230h-027EFh -pstack=STACK \
  -ACODE=00h-07FFhx8 -ASTRCODE=00h-03FFFh -ASTRING=00h-0FFhx64 \
  -ACONST=00h-0FFhx64 -AENTRY=00h-0FFhx64 -ACOMMON=070h-07Fh \
  -ABANK0=020h-06Fh -ABANK1=0A0h-0EFh -ABANK2=0120h-016Fh \
  -ABANK3=01A0h-01EFh -ABANK4=0220h-026Fh -ABANK5=02A0h-02EFh \
  -ABANK6=0320h-036Fh -ABANK7=03A0h-03EFh -ABANK8=0420h-046Fh \
  -ABANK9=04A0h-04EFh -ABANK10=0520h-056Fh -ABANK11=05A0h-05EFh \
  -ABANK12=0620h-066Fh -ABANK13=06A0h-06EFh -ABANK14=0720h-076Fh \
  -ABANK15=07A0h-07EFh -ABANK16=0820h-086Fh -ABANK17=08A0h-08EFh \
  -ABANK18=0920h-096Fh -ABANK19=09A0h-09EFh -ABANK20=0A20h-0A6Fh \
  -ABANK21=0AA0h-0AEFh -ABANK22=0B20h-0B6Fh -ABANK23=0BA0h-0BEFh \
  -ABANK24=0C20h-0C6Fh -ABANK25=0CA0h-0CBFh -ABIGRAM=02000h-027EFh \
  -ARAM=020h-06Fh,0A0h-0EFh,0120h-016Fh,01A0h-01EFh,0220h-026Fh,02A0h-02EFh,0320h-036Fh,03A0h-03EFh,0420h-046Fh,04A0h-04EFh,0520h-056Fh,05A0h-05EFh,0620h-066Fh,06A0h-06EFh,0720h-076Fh,07A0h-07EFh,0820h-086Fh,08A0h-08EFh,0920h-096Fh,09A0h-09EFh,0A20h-0A6Fh,0AA0h-0AEFh,0B20h-0B6Fh,0BA0h-0BEFh,0C20h-0C6Fh,0CA0h-0CBFh \
  -AABS1=020h-07Fh,0A0h-0EFh,0120h-016Fh,01A0h-01EFh,0220h-026Fh,02A0h-02EFh,0320h-036Fh,03A0h-03EFh,0420h-046Fh,04A0h-04EFh,0520h-056Fh,05A0h-05EFh,0620h-066Fh,06A0h-06EFh,0720h-076Fh,07A0h-07EFh,0820h-086Fh,08A0h-08EFh,0920h-096Fh,09A0h-09EFh,0A20h-0A6Fh,0AA0h-0AEFh,0B20h-0B6Fh,0BA0h-0BEFh,0C20h-0C6Fh,0CA0h-0CBFh \
  -ASFR0=00h-01Fh -ASFR1=080h-09Fh -ASFR2=0100h-011Fh -ASFR3=0180h-019Fh \
  -ASFR4=0200h-021Fh -ASFR5=0280h-029Fh -ASFR6=0300h-031Fh \
  -ASFR7=0380h-039Fh -ASFR8=0400h-041Fh -ASFR9=0480h-049Fh \
  -ASFR10=0500h-051Fh -ASFR11=0580h-059Fh -ASFR12=0600h-061Fh \
  -ASFR13=0680h-069Fh -ASFR14=0700h-071Fh -ASFR15=0780h-079Fh \
  -ASFR16=0800h-081Fh -ASFR17=0880h-089Fh -ASFR18=0900h-091Fh \
  -ASFR19=0980h-099Fh -ASFR20=0A00h-0A1Fh -ASFR21=0A80h-0A9Fh \
  -ASFR22=0B00h-0B1Fh -ASFR23=0B80h-0B9Fh -ASFR24=0C00h-0C1Fh \
  -ASFR25=0C80h-0C9Fh -ASFR26=0D00h-0D6Fh -ASFR27=0D80h-0DEFh \
  -ASFR28=0E00h-0E6Fh -ASFR29=0E80h-0EEFh -ASFR30=0F00h-0F6Fh \
  -ASFR31=0F80h-0FEFh -ACONFIG=08007h-08008h -DCONFIG=2 \
  -AIDLOC=08000h-08003h -DIDLOC=2 -DCODE=2 -DSTRCODE=2 -DSTRING=2 -DCONST=2 \
  -DENTRY=2 -preset_vec=00h,intentry=04h,init,end_init -ppowerup=CODE \
  -pcinit=CODE -pfunctab=ENTRY -k C:\Users\davfe\AppData\Local\Temp\s25o8.o \
  dist/default/production\S2_1991255.X.production.o 

Object code version is 3.11

Machine type is 16LF1718



                Name                               Link     Load   Length Selector   Space Scale
C:\Users\davfe\AppData\Local\Temp\s25o8.o
                end_init                             29       29        2        8       0
                reset_vec                             0        0        2        0       0
                config                             8007     8007        2        0       4
dist/default/production\S2_1991255.X.production.o
                cinit                                2B       2B       5E        8       0
                intentry                              4        4       25        8       0
                config                             8007     8007        2        0       4
                text101                            2E5B     2E5B        1     5CB6       0
                text100                            2080     2080       20     4100       0
                text99                             2042     2042       1F     4084       0
                text98                             2195     2195       27     432A       0
                text97                             2007     2007       1D     400E       0
                text96                             2149     2149       26     4292       0
                text95                             2F2B     2F2B       1A     5E56       0
                text94                             2FC8     2FC8       1C     5F90       0
                text93                             1928     1928       82     3250       0
                text92                              6F6      6F6      101        8       0
                text91                             1E29     1E29       EA     3C52       0
                text90                             2F45     2F45       1A     5E8A       0
                text89                             2E5C     2E5C        1     5CB8       0
                text88                             273D     273D       5B     4E7A       0
                text87                             225B     225B       29     44B6       0
                text86                             2F5F     2F5F       1A     5EBE       0
                text85                             268E     268E       57     4D1C       0
                text84                             168C     168C      174     2D18       0
                text83                             11C7     11C7       F4     238E       0
                text82                             23E9     23E9       33     47D2       0
                text81                             22D7     22D7       2B     45AE       0
                text80                              C75      C75      1B7     18EA       0
                text79                             2489     2489       43     4912       0
                text78                             2E5D     2E5D        1     5CBA       0
                text77                             24CC     24CC       46     4998       0
                text76                             2E5E     2E5E        1     5CBC       0
                text75                             18B1     18B1       77     3162       0
                text74                             22AD     22AD       2A     455A       0
                text73                              E2C      E2C      1D4     1C58       0
                text72                             1520     1520      16C     2A40       0
                text71                              2E0      2E0      23F        8       0
                text70                              AC1      AC1      1B4     1582       0
                text69                             1A30     1A30       8A     3460       0
                text68                             20E0     20E0       23     41C0       0
                text67                               89       89      257        8       0
                text66                             2EC0     2EC0        C     5D80       0
                text65                             2061     2061       1F     40C2       0
                text64                             1BE4     1BE4       AD     37C8       0
                text63                             13DA     13DA      146     27B4       0
                text62                             1C91     1C91       B2     3922       0
                text61                             216F     216F       26     42DE       0
                text60                             2EFA     2EFA       18     5DF4       0
                text59                             244F     244F       3A     489E       0
                text58                             1805     1805       3A     300A       0
                text57                             2ED9     2ED9       10     5DB2       0
                text56                              800      800       10     1000       0
                text55                             1B47     1B47       9D     368E       0
                text54                             2F79     2F79       1A     5EF2       0
                text53                             2302     2302       2C     4604       0
                text52                             19AA     19AA       86     3354       0
                text51                             10D9     10D9       EE     21B2       0
                text50                             2E5F     2E5F        1     5CBE       0
                text49                             25A4     25A4       4D     4B48       0
                text48                             2E60     2E60        1     5CC0       0
                text47                             25F1     25F1       4D     4BE2       0
                text46                             1800     1800        1     2D18       0
                text45                             21E3     21E3       28     43C6       0
                text44                             21BC     21BC       27     4378       0
                text43                             1D43     1D43       E6     3A86       0
                text42                             23B8     23B8       31     4770       0
                text41                                2        2        1        0       0
                text40                             255A     255A       4A     4AB4       0
                text39                             2F93     2F93       1A     5F26       0
                text37                             1000     1000       25     1C58       0
                text36                             2103     2103       23     4206       0
                text35                             2126     2126       23     424C       0
                text34                             2000     2000        7     3E26       0
                text33                             2E75     2E75        9     5CEA       0
                text32                             2E7E     2E7E        9     5CFC       0
                text31                             2E87     2E87        9     5D0E       0
                text30                             2E90     2E90        9     5D20       0
                text29                             2E99     2E99        9     5D32       0
                text28                             2EA2     2EA2        9     5D44       0
                text27                             183F     183F       72     307E       0
                text26                              7F7      7F7        9        8       0
                text25                             2F12     2F12       19     5E24       0
                text24                             1801     1801        4     3002       0
                text23                             2ECC     2ECC        D     5D98       0
                text22                             20A0     20A0       20     4140       0
                text21                             235A     235A       2E     46B4       0
                text20                             2EE9     2EE9       11     5DD2       0
                text19                             220B     220B       28     4416       0
                text18                             2233     2233       28     4466       0
                text17                             2024     2024       1E     4048       0
                text16                             20C0     20C0       20     4180       0
                text15                             1ABA     1ABA       8D     3574       0
                text14                             12BB     12BB      11F     2576       0
                text13                             1F13     1F13       ED     3E26       0
                text12                             2FE4     2FE4       1C     5FC8       0
                text11                                3        3        1        6       0
                text10                             26E5     26E5       58     4DCA       0
                text9                              2284     2284       29     4508       0
                text8                              2FAD     2FAD       1B     5F5A       0
                text7                              2798     2798       68     4F30       0
                text6                               91D      91D      1A4     123A       0
                text5                               810      810      10D     1020       0
                text4                              241C     241C       33     4838       0
                text3                              232E     232E       2C     465C       0
                text2                               51F      51F      1D7        8       0
                text1                              2388     2388       30     4710       0
                maintext                           1025     1025       B4     204A       0
                cstackBANK0                          20       20       50       20       1
                cstackCOMMON                         70       70        E       70       1
                cstackBANK1                          A0       A0       2C       A0       1
                cstackBANK2                         120      120       2E      120       1
                cstackBANK3                         1A0      1A0       23      1A0       1
                cstackBANK6                         320      320       30      320       1
                clrtext                            2E61     2E61        6     5CC2       0
                inittext                           2E67     2E67        6     5CCE       0
                bssBANK6                            350      350       20      320       1
                dataBANK5                           2A0      2A0       48      2A0       1
                dataBANK4                           220      220       50      220       1
                dataBANK3                           1D2      1D2        8      1A0       1
                bssBANK3                            1C3      1C3        F      1A0       1
                dataBANK2                           15C      15C        B      120       1
                bssBANK2                            14E      14E        E      120       1
                dataBANK1                            CC       CC        A       A0       1
                bssBANK1                             D6       D6        5       A0       1
                stringtext24                       30FF     30FF        6     6000       0
                stringtext23                       30F7     30F7        8     6000       0
                stringtext22                       30EF     30EF        8     6000       0
                stringtext21                       30E7     30E7        8     6000       0
                stringtext20                       30DF     30DF        8     6000       0
                stringtext19                       30D7     30D7        8     6000       0
                stringtext18                       30CE     30CE        9     6000       0
                stringtext17                       30C5     30C5        9     6000       0
                stringtext16                       30BB     30BB        A     6000       0
                stringtext15                       30B1     30B1        A     6000       0
                stringtext14                       30A7     30A7        A     6000       0
                stringtext13                       309D     309D        A     6000       0
                stringtext12                       3093     3093        A     6000       0
                stringtext11                       3088     3088        B     6000       0
                stringtext10                       307C     307C        C     6000       0
                stringtext9                        3070     3070        C     6000       0
                stringtext8                        3064     3064        C     6000       0
                stringtext7                        3057     3057        D     6000       0
                stringtext6                        3049     3049        E     6000       0
                stringtext5                        303B     303B        E     6000       0
                stringtext4                        302D     302D        E     6000       0
                stringtext3                        301F     301F        E     6000       0
                stringtext2                        3011     3011        E     6000       0
                stringtext1                        3000     3000       11     6000       0
                nvBANK3                             1DA      1DA        6      1A0       1
                nvBANK2                             167      167        9      120       1
                idataBANK5                         2512     2512       48     4A24       0
                idataBANK4                         263E     263E       50     4C7C       0
                idataBANK3                         2E6D     2E6D        8     5CDA       0
                idataBANK2                         2EB5     2EB5        B     5D6A       0
                idataBANK1                         2EAB     2EAB        A     5D56       0

TOTAL           Name                               Link     Load   Length     Space
        CLASS   STACK          

        CLASS   CODE           
                end_init                             29       29        2         0
                cinit                                2B       2B       5E         0
                intentry                              4        4       25         0
                reset_vec                             0        0        2         0
                text101                            2E5B     2E5B        1         0
                text100                            2080     2080       20         0
                text99                             2042     2042       1F         0
                text98                             2195     2195       27         0
                text97                             2007     2007       1D         0
                text96                             2149     2149       26         0
                text95                             2F2B     2F2B       1A         0
                text94                             2FC8     2FC8       1C         0
                text93                             1928     1928       82         0
                text92                              6F6      6F6      101         0
                text91                             1E29     1E29       EA         0
                text90                             2F45     2F45       1A         0
                text89                             2E5C     2E5C        1         0
                text88                             273D     273D       5B         0
                text87                             225B     225B       29         0
                text86                             2F5F     2F5F       1A         0
                text85                             268E     268E       57         0
                text84                             168C     168C      174         0
                text83                             11C7     11C7       F4         0
                text82                             23E9     23E9       33         0
                text81                             22D7     22D7       2B         0
                text80                              C75      C75      1B7         0
                text79                             2489     2489       43         0
                text78                             2E5D     2E5D        1         0
                text77                             24CC     24CC       46         0
                text76                             2E5E     2E5E        1         0
                text75                             18B1     18B1       77         0
                text74                             22AD     22AD       2A         0
                text73                              E2C      E2C      1D4         0
                text72                             1520     1520      16C         0
                text71                              2E0      2E0      23F         0
                text70                              AC1      AC1      1B4         0
                text69                             1A30     1A30       8A         0
                text68                             20E0     20E0       23         0
                text67                               89       89      257         0
                text66                             2EC0     2EC0        C         0
                text65                             2061     2061       1F         0
                text64                             1BE4     1BE4       AD         0
                text63                             13DA     13DA      146         0
                text62                             1C91     1C91       B2         0
                text61                             216F     216F       26         0
                text60                             2EFA     2EFA       18         0
                text59                             244F     244F       3A         0
                text58                             1805     1805       3A         0
                text57                             2ED9     2ED9       10         0
                text56                              800      800       10         0
                text55                             1B47     1B47       9D         0
                text54                             2F79     2F79       1A         0
                text53                             2302     2302       2C         0
                text52                             19AA     19AA       86         0
                text51                             10D9     10D9       EE         0
                text50                             2E5F     2E5F        1         0
                text49                             25A4     25A4       4D         0
                text48                             2E60     2E60        1         0
                text47                             25F1     25F1       4D         0
                text46                             1800     1800        1         0
                text45                             21E3     21E3       28         0
                text44                             21BC     21BC       27         0
                text43                             1D43     1D43       E6         0
                text42                             23B8     23B8       31         0
                text41                                2        2        1         0
                text40                             255A     255A       4A         0
                text39                             2F93     2F93       1A         0
                text37                             1000     1000       25         0
                text36                             2103     2103       23         0
                text35                             2126     2126       23         0
                text34                             2000     2000        7         0
                text33                             2E75     2E75        9         0
                text32                             2E7E     2E7E        9         0
                text31                             2E87     2E87        9         0
                text30                             2E90     2E90        9         0
                text29                             2E99     2E99        9         0
                text28                             2EA2     2EA2        9         0
                text27                             183F     183F       72         0
                text26                              7F7      7F7        9         0
                text25                             2F12     2F12       19         0
                text24                             1801     1801        4         0
                text23                             2ECC     2ECC        D         0
                text22                             20A0     20A0       20         0
                text21                             235A     235A       2E         0
                text20                             2EE9     2EE9       11         0
                text19                             220B     220B       28         0
                text18                             2233     2233       28         0
                text17                             2024     2024       1E         0
                text16                             20C0     20C0       20         0
                text15                             1ABA     1ABA       8D         0
                text14                             12BB     12BB      11F         0
                text13                             1F13     1F13       ED         0
                text12                             2FE4     2FE4       1C         0
                text11                                3        3        1         0
                text10                             26E5     26E5       58         0
                text9                              2284     2284       29         0
                text8                              2FAD     2FAD       1B         0
                text7                              2798     2798       68         0
                text6                               91D      91D      1A4         0
                text5                               810      810      10D         0
                text4                              241C     241C       33         0
                text3                              232E     232E       2C         0
                text2                               51F      51F      1D7         0
                text1                              2388     2388       30         0
                maintext                           1025     1025       B4         0
                clrtext                            2E61     2E61        6         0
                inittext                           2E67     2E67        6         0
                idataBANK5                         2512     2512       48         0
                idataBANK4                         263E     263E       50         0
                idataBANK3                         2E6D     2E6D        8         0
                idataBANK2                         2EB5     2EB5        B         0
                idataBANK1                         2EAB     2EAB        A         0

        CLASS   STRCODE        
                stringtext24                       30FF     30FF        6         0
                stringtext23                       30F7     30F7        8         0
                stringtext22                       30EF     30EF        8         0
                stringtext21                       30E7     30E7        8         0
                stringtext20                       30DF     30DF        8         0
                stringtext19                       30D7     30D7        8         0
                stringtext18                       30CE     30CE        9         0
                stringtext17                       30C5     30C5        9         0
                stringtext16                       30BB     30BB        A         0
                stringtext15                       30B1     30B1        A         0
                stringtext14                       30A7     30A7        A         0
                stringtext13                       309D     309D        A         0
                stringtext12                       3093     3093        A         0
                stringtext11                       3088     3088        B         0
                stringtext10                       307C     307C        C         0
                stringtext9                        3070     3070        C         0
                stringtext8                        3064     3064        C         0
                stringtext7                        3057     3057        D         0
                stringtext6                        3049     3049        E         0
                stringtext5                        303B     303B        E         0
                stringtext4                        302D     302D        E         0
                stringtext3                        301F     301F        E         0
                stringtext2                        3011     3011        E         0
                stringtext1                        3000     3000       11         0

        CLASS   STRING         

        CLASS   CONST          

        CLASS   ENTRY          

        CLASS   COMMON         
                cstackCOMMON                         70       70        E         1

        CLASS   BANK0          
                cstackBANK0                          20       20       50         1

        CLASS   BANK1          
                cstackBANK1                          A0       A0       2C         1
                dataBANK1                            CC       CC        A         1
                bssBANK1                             D6       D6        5         1

        CLASS   BANK2          
                cstackBANK2                         120      120       2E         1
                dataBANK2                           15C      15C        B         1
                bssBANK2                            14E      14E        E         1
                nvBANK2                             167      167        9         1

        CLASS   BANK3          
                cstackBANK3                         1A0      1A0       23         1
                dataBANK3                           1D2      1D2        8         1
                bssBANK3                            1C3      1C3        F         1
                nvBANK3                             1DA      1DA        6         1

        CLASS   BANK4          
                dataBANK4                           220      220       50         1

        CLASS   BANK5          
                dataBANK5                           2A0      2A0       48         1

        CLASS   BANK6          
                cstackBANK6                         320      320       30         1
                bssBANK6                            350      350       20         1

        CLASS   BANK7          

        CLASS   BANK8          

        CLASS   BANK9          

        CLASS   BANK10         

        CLASS   BANK11         

        CLASS   BANK12         

        CLASS   BANK13         

        CLASS   BANK14         

        CLASS   BANK15         

        CLASS   BANK16         

        CLASS   BANK17         

        CLASS   BANK18         

        CLASS   BANK19         

        CLASS   BANK20         

        CLASS   BANK21         

        CLASS   BANK22         

        CLASS   BANK23         

        CLASS   BANK24         

        CLASS   BANK25         

        CLASS   BIGRAM         

        CLASS   RAM            

        CLASS   ABS1           
                abs_s1                               7E       7E        2         1

        CLASS   SFR0           

        CLASS   SFR1           

        CLASS   SFR2           

        CLASS   SFR3           

        CLASS   SFR4           

        CLASS   SFR5           

        CLASS   SFR6           

        CLASS   SFR7           

        CLASS   SFR8           

        CLASS   SFR9           

        CLASS   SFR10          

        CLASS   SFR11          

        CLASS   SFR12          

        CLASS   SFR13          

        CLASS   SFR14          

        CLASS   SFR15          

        CLASS   SFR16          

        CLASS   SFR17          

        CLASS   SFR18          

        CLASS   SFR19          

        CLASS   SFR20          

        CLASS   SFR21          

        CLASS   SFR22          

        CLASS   SFR23          

        CLASS   SFR24          

        CLASS   SFR25          

        CLASS   SFR26          

        CLASS   SFR27          

        CLASS   SFR28          

        CLASS   SFR29          

        CLASS   SFR30          

        CLASS   SFR31          

        CLASS   CONFIG         
                config                             8007     8007        2         4

        CLASS   IDLOC          

        CLASS   BANK31         

        CLASS   BANK30         

        CLASS   BANK29         

        CLASS   BANK28         

        CLASS   BANK27         

        CLASS   BANK26         

        CLASS   EEDATA         



SEGMENTS        Name                           Load    Length   Top    Selector   Space  Class     Delta

                reset_vec                      000000  000003  000003         0       0  CODE        2
                text11                         000003  000001  000004         6       0  CODE        2
                intentry                       000004  0007FC  000800         8       0  CODE        2
                cstackBANK0                    000020  000050  000070        20       1  BANK0       1
                cstackCOMMON                   000070  00000E  00007E        70       1  COMMON      1
                cstackBANK1                    0000A0  00003B  0000DB        A0       1  BANK1       1
                cstackBANK2                    000120  000050  000170       120       1  BANK2       1
                cstackBANK3                    0001A0  000040  0001E0       1A0       1  BANK3       1
                dataBANK4                      000220  000050  000270       220       1  BANK4       1
                dataBANK5                      0002A0  000048  0002E8       2A0       1  BANK5       1
                cstackBANK6                    000320  000050  000370       320       1  BANK6       1
                text56                         000800  000010  000810      1000       0  CODE        2
                text5                          000810  00010D  00091D      1020       0  CODE        2
                text6                          00091D  0001A4  000AC1      123A       0  CODE        2
                text70                         000AC1  0001B4  000C75      1582       0  CODE        2
                text80                         000C75  0001B7  000E2C      18EA       0  CODE        2
                text73                         000E2C  0001F9  001025      1C58       0  CODE        2
                maintext                       001025  0000B4  0010D9      204A       0  CODE        2
                text51                         0010D9  0000EE  0011C7      21B2       0  CODE        2
                text83                         0011C7  0000F4  0012BB      238E       0  CODE        2
                text14                         0012BB  00011F  0013DA      2576       0  CODE        2
                text63                         0013DA  000146  001520      27B4       0  CODE        2
                text72                         001520  00016C  00168C      2A40       0  CODE        2
                text84                         00168C  000175  001801      2D18       0  CODE        2
                text24                         001801  000004  001805      3002       0  CODE        2
                text58                         001805  00003A  00183F      300A       0  CODE        2
                text27                         00183F  000072  0018B1      307E       0  CODE        2
                text75                         0018B1  000077  001928      3162       0  CODE        2
                text93                         001928  000082  0019AA      3250       0  CODE        2
                text52                         0019AA  000086  001A30      3354       0  CODE        2
                text69                         001A30  00008A  001ABA      3460       0  CODE        2
                text15                         001ABA  00008D  001B47      3574       0  CODE        2
                text55                         001B47  00009D  001BE4      368E       0  CODE        2
                text64                         001BE4  0000AD  001C91      37C8       0  CODE        2
                text62                         001C91  0000B2  001D43      3922       0  CODE        2
                text43                         001D43  0000E6  001E29      3A86       0  CODE        2
                text91                         001E29  0000EA  001F13      3C52       0  CODE        2
                text13                         001F13  0000F4  002007      3E26       0  CODE        2
                text97                         002007  00001D  002024      400E       0  CODE        2
                text17                         002024  00001E  002042      4048       0  CODE        2
                text99                         002042  00001F  002061      4084       0  CODE        2
                text65                         002061  00001F  002080      40C2       0  CODE        2
                text100                        002080  000020  0020A0      4100       0  CODE        2
                text22                         0020A0  000020  0020C0      4140       0  CODE        2
                text16                         0020C0  000020  0020E0      4180       0  CODE        2
                text68                         0020E0  000023  002103      41C0       0  CODE        2
                text36                         002103  000023  002126      4206       0  CODE        2
                text35                         002126  000023  002149      424C       0  CODE        2
                text96                         002149  000026  00216F      4292       0  CODE        2
                text61                         00216F  000026  002195      42DE       0  CODE        2
                text98                         002195  000027  0021BC      432A       0  CODE        2
                text44                         0021BC  000027  0021E3      4378       0  CODE        2
                text45                         0021E3  000028  00220B      43C6       0  CODE        2
                text19                         00220B  000028  002233      4416       0  CODE        2
                text18                         002233  000028  00225B      4466       0  CODE        2
                text87                         00225B  000029  002284      44B6       0  CODE        2
                text9                          002284  000029  0022AD      4508       0  CODE        2
                text74                         0022AD  00002A  0022D7      455A       0  CODE        2
                text81                         0022D7  00002B  002302      45AE       0  CODE        2
                text53                         002302  00002C  00232E      4604       0  CODE        2
                text3                          00232E  00002C  00235A      465C       0  CODE        2
                text21                         00235A  00002E  002388      46B4       0  CODE        2
                text1                          002388  000030  0023B8      4710       0  CODE        2
                text42                         0023B8  000031  0023E9      4770       0  CODE        2
                text82                         0023E9  000033  00241C      47D2       0  CODE        2
                text4                          00241C  000033  00244F      4838       0  CODE        2
                text59                         00244F  00003A  002489      489E       0  CODE        2
                text79                         002489  000043  0024CC      4912       0  CODE        2
                text77                         0024CC  000046  002512      4998       0  CODE        2
                idataBANK5                     002512  000048  00255A      4A24       0  CODE        2
                text40                         00255A  00004A  0025A4      4AB4       0  CODE        2
                text49                         0025A4  00004D  0025F1      4B48       0  CODE        2
                text47                         0025F1  00004D  00263E      4BE2       0  CODE        2
                idataBANK4                     00263E  000050  00268E      4C7C       0  CODE        2
                text85                         00268E  000057  0026E5      4D1C       0  CODE        2
                text10                         0026E5  000058  00273D      4DCA       0  CODE        2
                text88                         00273D  00005B  002798      4E7A       0  CODE        2
                text7                          002798  000068  002800      4F30       0  CODE        2
                text101                        002E5B  000001  002E5C      5CB6       0  CODE        2
                text89                         002E5C  000001  002E5D      5CB8       0  CODE        2
                text78                         002E5D  000001  002E5E      5CBA       0  CODE        2
                text76                         002E5E  000001  002E5F      5CBC       0  CODE        2
                text50                         002E5F  000001  002E60      5CBE       0  CODE        2
                text48                         002E60  000001  002E61      5CC0       0  CODE        2
                clrtext                        002E61  000006  002E67      5CC2       0  CODE        2
                inittext                       002E67  000006  002E6D      5CCE       0  CODE        2
                idataBANK3                     002E6D  000008  002E75      5CDA       0  CODE        2
                text33                         002E75  000009  002E7E      5CEA       0  CODE        2
                text32                         002E7E  000009  002E87      5CFC       0  CODE        2
                text31                         002E87  000009  002E90      5D0E       0  CODE        2
                text30                         002E90  000009  002E99      5D20       0  CODE        2
                text29                         002E99  000009  002EA2      5D32       0  CODE        2
                text28                         002EA2  000009  002EAB      5D44       0  CODE        2
                idataBANK1                     002EAB  00000A  002EB5      5D56       0  CODE        2
                idataBANK2                     002EB5  00000B  002EC0      5D6A       0  CODE        2
                text66                         002EC0  00000C  002ECC      5D80       0  CODE        2
                text23                         002ECC  00000D  002ED9      5D98       0  CODE        2
                text57                         002ED9  000010  002EE9      5DB2       0  CODE        2
                text20                         002EE9  000011  002EFA      5DD2       0  CODE        2
                text60                         002EFA  000018  002F12      5DF4       0  CODE        2
                text25                         002F12  000019  002F2B      5E24       0  CODE        2
                text95                         002F2B  00001A  002F45      5E56       0  CODE        2
                text90                         002F45  00001A  002F5F      5E8A       0  CODE        2
                text86                         002F5F  00001A  002F79      5EBE       0  CODE        2
                text54                         002F79  00001A  002F93      5EF2       0  CODE        2
                text39                         002F93  00001A  002FAD      5F26       0  CODE        2
                text8                          002FAD  00001B  002FC8      5F5A       0  CODE        2
                text94                         002FC8  00001C  002FE4      5F90       0  CODE        2
                text12                         002FE4  00001C  003000      5FC8       0  CODE        2
                stringtext1                    003000  000105  003105      6000       0  STRCODE     2


UNUSED ADDRESS RANGES

        Name                Unused          Largest block    Delta
        BANK1            000DB-000EF              15           1
        BANK10           00520-0056F              50           1
        BANK11           005A0-005EF              50           1
        BANK12           00620-0066F              50           1
        BANK13           006A0-006EF              50           1
        BANK14           00720-0076F              50           1
        BANK15           007A0-007EF              50           1
        BANK16           00820-0086F              50           1
        BANK17           008A0-008EF              50           1
        BANK18           00920-0096F              50           1
        BANK19           009A0-009EF              50           1
        BANK20           00A20-00A6F              50           1
        BANK21           00AA0-00AEF              50           1
        BANK22           00B20-00B6F              50           1
        BANK23           00BA0-00BEF              50           1
        BANK24           00C20-00C6F              50           1
        BANK25           00CA0-00CBF              20           1
        BANK3            001E0-001EF              10           1
        BANK5            002E8-002EF               8           1
        BANK7            003A0-003EF              50           1
        BANK8            00420-0046F              50           1
        BANK9            004A0-004EF              50           1
        BIGRAM           02000-027EF             7F0           1
        CODE             02800-02E5A             65B           2
                         03105-03FFF             6FB
        CONST            02800-02E5A             100           2
                         03105-03FFF             100
        ENTRY            02800-02E5A             100           2
                         03105-03FFF             100
        IDLOC            08000-08003               4           2
        RAM              000DB-000EF              15           1
                         001E0-001EF              10
                         002E8-002EF               8
                         003A0-003EF              50
                         00420-0046F              50
                         004A0-004EF              50
                         00520-0056F              50
                         005A0-005EF              50
                         00620-0066F              50
                         006A0-006EF              50
                         00720-0076F              50
                         007A0-007EF              50
                         00820-0086F              50
                         008A0-008EF              50
                         00920-0096F              50
                         009A0-009EF              50
                         00A20-00A6F              50
                         00AA0-00AEF              50
                         00B20-00B6F              50
                         00BA0-00BEF              50
                         00C20-00C6F              50
                         00CA0-00CBF              20
        SFR0             00000-0001F              20           1
        SFR1             00080-0009F              20           1
        SFR10            00500-0051F              20           1
        SFR11            00580-0059F              20           1
        SFR12            00600-0061F              20           1
        SFR13            00680-0069F              20           1
        SFR14            00700-0071F              20           1
        SFR15            00780-0079F              20           1
        SFR16            00800-0081F              20           1
        SFR17            00880-0089F              20           1
        SFR18            00900-0091F              20           1
        SFR19            00980-0099F              20           1
        SFR2             00100-0011F              20           1
        SFR20            00A00-00A1F              20           1
        SFR21            00A80-00A9F              20           1
        SFR22            00B00-00B1F              20           1
        SFR23            00B80-00B9F              20           1
        SFR24            00C00-00C1F              20           1
        SFR25            00C80-00C9F              20           1
        SFR26            00D00-00D6F              70           1
        SFR27            00D80-00DEF              70           1
        SFR28            00E00-00E6F              70           1
        SFR29            00E80-00EEF              70           1
        SFR3             00180-0019F              20           1
        SFR30            00F00-00F6F              70           1
        SFR31            00F80-00FEF              70           1
        SFR4             00200-0021F              20           1
        SFR5             00280-0029F              20           1
        SFR6             00300-0031F              20           1
        SFR7             00380-0039F              20           1
        SFR8             00400-0041F              20           1
        SFR9             00480-0049F              20           1
        STACK            02230-027EF             5C0           1
        STRCODE          02800-02E5A             65B           2
                         03105-03FFF             EFB
        STRING           02800-02E5A             100           2
                         03105-03FFF             100

                                  Symbol Table

?__Umul8_16                                 cstackCOMMON 00070
?___aodiv                                   cstackBANK1  000B5
?___aomod                                   cstackBANK1  000B5
?___fladd                                   cstackCOMMON 00070
?___fldiv                                   cstackBANK0  00044
?___flmul                                   cstackBANK0  00026
?___flneg                                   cstackBANK0  00040
?___wmul                                    cstackCOMMON 00070
?___xxtofl                                  cstackCOMMON 00076
?_abs                                       cstackBANK1  000C8
?_dtoa                                      cstackBANK2  0012A
?_pad                                       cstackBANK1  000C5
?_sprintf                                   cstackBANK3  001B3
?_strlen                                    cstackBANK1  000B5
?_vfpfcnvrt                                 cstackBANK2  00148
?_vfprintf                                  cstackBANK2  0014A
?i1___aodiv                                 cstackBANK0  00020
?i1___aomod                                 cstackBANK0  00020
?i1_abs                                     cstackCOMMON 00073
?i1_dtoa                                    cstackBANK0  00030
?i1_pad                                     cstackBANK0  00024
?i1_sprintf                                 cstackBANK0  0006A
?i1_strlen                                  cstackCOMMON 00070
?i1_vfpfcnvrt                               cstackBANK0  0004F
?i1_vfprintf                                cstackBANK0  00061
IOCAF0_SetInterruptHandler@InterruptHandler cstackBANK1  000B5
IOCAF1_SetInterruptHandler@InterruptHandler cstackBANK1  000B5
IOCAF2_ISR@hit                              cstackBANK0  0006F
IOCAF2_SetInterruptHandler@InterruptHandler cstackBANK1  000B5
IOCAF3_SetInterruptHandler@InterruptHandler cstackBANK1  000B5
IOCAF4_SetInterruptHandler@InterruptHandler cstackBANK1  000B5
IOCAF5_ISR@hit                              cstackBANK1  000B3
IOCAF5_SetInterruptHandler@InterruptHandler cstackBANK1  000B5
LCDGoto@ln                                  cstackBANK1  000BC
LCDGoto@pos                                 cstackBANK1  000BF
LCDPutChar@ch                               cstackBANK1  000BB
LCDPutCmd@ch                                cstackBANK1  000BB
LCDPutStr@i                                 cstackBANK1  000C1
LCDPutStr@str                               cstackBANK1  000BC
LCDWriteNibble@ch                           cstackBANK1  000B8
LCDWriteNibble@rs                           cstackBANK1  000B5
TMR0_ISR@CountCallBack                      bssBANK2     00158
TMR0_SetInterruptHandler@InterruptHandler   cstackBANK1  000B5
_ANSELA                                     (abs)        0018C
_ANSELB                                     (abs)        0018D
_ANSELC                                     (abs)        0018E
_BORCON                                     (abs)        00116
_INLVLA                                     (abs)        0038C
_INLVLB                                     (abs)        0038D
_INLVLC                                     (abs)        0038E
_INLVLE                                     (abs)        00390
_INTCONbits                                 (abs)        0000B
_INTERRUPT_InterruptManager                 intentry     00004
_IOCAF0_DefaultInterruptHandler             text101      02E5B
_IOCAF0_ISR                                 text79       02489
_IOCAF0_InterruptHandler                    nvBANK2      0016D
_IOCAF0_SetInterruptHandler                 text33       02E75
_IOCAF1_DefaultInterruptHandler             text78       02E5D
_IOCAF1_ISR                                 text77       024CC
_IOCAF1_InterruptHandler                    nvBANK2      0016B
_IOCAF1_SetInterruptHandler                 text32       02E7E
_IOCAF2_DefaultInterruptHandler             text76       02E5E
_IOCAF2_ISR                                 text51       010D9
_IOCAF2_InterruptHandler                    nvBANK2      00169
_IOCAF2_SetInterruptHandler                 text31       02E87
_IOCAF3_DefaultInterruptHandler             text50       02E5F
_IOCAF3_ISR                                 text49       025A4
_IOCAF3_InterruptHandler                    nvBANK2      00167
_IOCAF3_SetInterruptHandler                 text30       02E90
_IOCAF4_DefaultInterruptHandler             text48       02E60
_IOCAF4_ISR                                 text47       025F1
_IOCAF4_InterruptHandler                    nvBANK3      001DE
_IOCAF4_SetInterruptHandler                 text29       02E99
_IOCAF5_DefaultInterruptHandler             text46       01800
_IOCAF5_ISR                                 text43       01D43
_IOCAF5_InterruptHandler                    nvBANK3      001DC
_IOCAF5_SetInterruptHandler                 text28       02EA2
_IOCAFbits                                  (abs)        00393
_IOCANbits                                  (abs)        00392
_IOCAPbits                                  (abs)        00391
_LATA                                       (abs)        0010C
_LATB                                       (abs)        0010D
_LATC                                       (abs)        0010E
_LCDClear                                   text54       02F79
_LCDGoto                                    text19       0220B
_LCDGoto$595                                cstackBANK1  000BD
_LCDPutChar                                 text22       020A0
_LCDPutCmd                                  text36       02103
_LCDPutStr                                  text18       02233
_LCDWriteNibble                             text37       01000
_LCD_Initialize                             text35       02126
_ODCONA                                     (abs)        0028C
_ODCONB                                     (abs)        0028D
_ODCONC                                     (abs)        0028E
_OPTION_REG                                 (abs)        00095
_OPTION_REGbits                             (abs)        00095
_OSCCON                                     (abs)        00099
_OSCILLATOR_Initialize                      text34       02000
_OSCTUNE                                    (abs)        00098
_PIN_MANAGER_IOC                            text42       023B8
_PIN_MANAGER_Initialize                     text27       0183F
_PORTB                                      (abs)        0000D
_PORTBbits                                  (abs)        0000D
_SLRCONA                                    (abs)        0030C
_SLRCONB                                    (abs)        0030D
_SLRCONC                                    (abs)        0030E
_SYSTEM_Initialize                          text23       02ECC
_TMR0                                       (abs)        00015
_TMR0_CallBack                              text40       0255A
_TMR0_DefaultInterruptHandler               text41       00002
_TMR0_ISR                                   text39       02F93
_TMR0_Initialize                            text25       02F12
_TMR0_InterruptHandler                      nvBANK3      001DA
_TMR0_SetInterruptHandler                   text26       007F7
_TRISA                                      (abs)        0008C
_TRISB                                      (abs)        0008D
_TRISC                                      (abs)        0008E
_TRISE                                      (abs)        00090
_WDTCON                                     (abs)        00097
_WDT_Initialize                             text24       01801
_WPUA                                       (abs)        0020C
_WPUB                                       (abs)        0020D
_WPUC                                       (abs)        0020E
_WPUE                                       (abs)        00210
__Habs1                                     abs1         00000
__Hbank0                                    bank0        00000
__Hbank1                                    bank1        00000
__Hbank10                                   bank10       00000
__Hbank11                                   bank11       00000
__Hbank12                                   bank12       00000
__Hbank13                                   bank13       00000
__Hbank14                                   bank14       00000
__Hbank15                                   bank15       00000
__Hbank16                                   bank16       00000
__Hbank17                                   bank17       00000
__Hbank18                                   bank18       00000
__Hbank19                                   bank19       00000
__Hbank2                                    bank2        00000
__Hbank20                                   bank20       00000
__Hbank21                                   bank21       00000
__Hbank22                                   bank22       00000
__Hbank23                                   bank23       00000
__Hbank24                                   bank24       00000
__Hbank25                                   bank25       00000
__Hbank26                                   bank26       00000
__Hbank27                                   bank27       00000
__Hbank28                                   bank28       00000
__Hbank29                                   bank29       00000
__Hbank3                                    bank3        00000
__Hbank30                                   bank30       00000
__Hbank31                                   bank31       00000
__Hbank4                                    bank4        00000
__Hbank5                                    bank5        00000
__Hbank6                                    bank6        00000
__Hbank7                                    bank7        00000
__Hbank8                                    bank8        00000
__Hbank9                                    bank9        00000
__Hbigram                                   bigram       00000
__HbssBANK1                                 bssBANK1     00000
__HbssBANK2                                 bssBANK2     00000
__HbssBANK3                                 bssBANK3     00000
__HbssBANK6                                 bssBANK6     00000
__Hcinit                                    cinit        00089
__Hclrtext                                  clrtext      00000
__Hcode                                     code         00000
__Hcommon                                   common       00000
__Hconfig                                   config       08009
__HcstackBANK0                              cstackBANK0  00000
__HcstackBANK1                              cstackBANK1  00000
__HcstackBANK2                              cstackBANK2  00000
__HcstackBANK3                              cstackBANK3  00000
__HcstackBANK6                              cstackBANK6  00000
__HcstackCOMMON                             cstackCOMMON 00000
__HdataBANK1                                dataBANK1    00000
__HdataBANK2                                dataBANK2    00000
__HdataBANK3                                dataBANK3    00000
__HdataBANK4                                dataBANK4    00000
__HdataBANK5                                dataBANK5    00000
__Heeprom_data                              eeprom_data  00000
__Hend_init                                 end_init     0002B
__Hfunctab                                  functab      00000
__HidataBANK1                               idataBANK1   00000
__HidataBANK2                               idataBANK2   00000
__HidataBANK3                               idataBANK3   00000
__HidataBANK4                               idataBANK4   00000
__HidataBANK5                               idataBANK5   00000
__Hinit                                     init         00029
__Hinittext                                 inittext     00000
__Hintentry                                 intentry     00029
__Hmaintext                                 maintext     00000
__HnvBANK2                                  nvBANK2      00000
__HnvBANK3                                  nvBANK3      00000
__Hpowerup                                  powerup      00000
__Hram                                      ram          00000
__Hreset_vec                                reset_vec    00002
__Hsfr0                                     sfr0         00000
__Hsfr1                                     sfr1         00000
__Hsfr10                                    sfr10        00000
__Hsfr11                                    sfr11        00000
__Hsfr12                                    sfr12        00000
__Hsfr13                                    sfr13        00000
__Hsfr14                                    sfr14        00000
__Hsfr15                                    sfr15        00000
__Hsfr16                                    sfr16        00000
__Hsfr17                                    sfr17        00000
__Hsfr18                                    sfr18        00000
__Hsfr19                                    sfr19        00000
__Hsfr2                                     sfr2         00000
__Hsfr20                                    sfr20        00000
__Hsfr21                                    sfr21        00000
__Hsfr22                                    sfr22        00000
__Hsfr23                                    sfr23        00000
__Hsfr24                                    sfr24        00000
__Hsfr25                                    sfr25        00000
__Hsfr26                                    sfr26        00000
__Hsfr27                                    sfr27        00000
__Hsfr28                                    sfr28        00000
__Hsfr29                                    sfr29        00000
__Hsfr3                                     sfr3         00000
__Hsfr30                                    sfr30        00000
__Hsfr31                                    sfr31        00000
__Hsfr4                                     sfr4         00000
__Hsfr5                                     sfr5         00000
__Hsfr6                                     sfr6         00000
__Hsfr7                                     sfr7         00000
__Hsfr8                                     sfr8         00000
__Hsfr9                                     sfr9         00000
__Hspace_0                                  (abs)        03105
__Hspace_1                                  (abs)        00370
__Hspace_2                                  (abs)        00000
__Hspace_3                                  (abs)        00000
__Hspace_4                                  (abs)        10010
__Hstack                                    stack        00000
__Hstrings                                  strings      00000
__Hstringtext1                              stringtext1  00000
__Hstringtext10                             stringtext10 00000
__Hstringtext11                             stringtext11 00000
__Hstringtext12                             stringtext12 00000
__Hstringtext13                             stringtext13 00000
__Hstringtext14                             stringtext14 00000
__Hstringtext15                             stringtext15 00000
__Hstringtext16                             stringtext16 00000
__Hstringtext17                             stringtext17 00000
__Hstringtext18                             stringtext18 00000
__Hstringtext19                             stringtext19 00000
__Hstringtext2                              stringtext2  00000
__Hstringtext20                             stringtext20 00000
__Hstringtext21                             stringtext21 00000
__Hstringtext22                             stringtext22 00000
__Hstringtext23                             stringtext23 00000
__Hstringtext24                             stringtext24 00000
__Hstringtext25                             stringtext25 00000
__Hstringtext3                              stringtext3  00000
__Hstringtext4                              stringtext4  00000
__Hstringtext5                              stringtext5  00000
__Hstringtext6                              stringtext6  00000
__Hstringtext7                              stringtext7  00000
__Hstringtext8                              stringtext8  00000
__Hstringtext9                              stringtext9  00000
__Htext                                     text         00000
__Labs1                                     abs1         00000
__Lbank0                                    bank0        00000
__Lbank1                                    bank1        00000
__Lbank10                                   bank10       00000
__Lbank11                                   bank11       00000
__Lbank12                                   bank12       00000
__Lbank13                                   bank13       00000
__Lbank14                                   bank14       00000
__Lbank15                                   bank15       00000
__Lbank16                                   bank16       00000
__Lbank17                                   bank17       00000
__Lbank18                                   bank18       00000
__Lbank19                                   bank19       00000
__Lbank2                                    bank2        00000
__Lbank20                                   bank20       00000
__Lbank21                                   bank21       00000
__Lbank22                                   bank22       00000
__Lbank23                                   bank23       00000
__Lbank24                                   bank24       00000
__Lbank25                                   bank25       00000
__Lbank26                                   bank26       00000
__Lbank27                                   bank27       00000
__Lbank28                                   bank28       00000
__Lbank29                                   bank29       00000
__Lbank3                                    bank3        00000
__Lbank30                                   bank30       00000
__Lbank31                                   bank31       00000
__Lbank4                                    bank4        00000
__Lbank5                                    bank5        00000
__Lbank6                                    bank6        00000
__Lbank7                                    bank7        00000
__Lbank8                                    bank8        00000
__Lbank9                                    bank9        00000
__Lbigram                                   bigram       00000
__LbssBANK1                                 bssBANK1     00000
__LbssBANK2                                 bssBANK2     00000
__LbssBANK3                                 bssBANK3     00000
__LbssBANK6                                 bssBANK6     00000
__Lcinit                                    cinit        0002B
__Lclrtext                                  clrtext      00000
__Lcode                                     code         00000
__Lcommon                                   common       00000
__Lconfig                                   config       00000
__LcstackBANK0                              cstackBANK0  00000
__LcstackBANK1                              cstackBANK1  00000
__LcstackBANK2                              cstackBANK2  00000
__LcstackBANK3                              cstackBANK3  00000
__LcstackBANK6                              cstackBANK6  00000
__LcstackCOMMON                             cstackCOMMON 00000
__LdataBANK1                                dataBANK1    00000
__LdataBANK2                                dataBANK2    00000
__LdataBANK3                                dataBANK3    00000
__LdataBANK4                                dataBANK4    00000
__LdataBANK5                                dataBANK5    00000
__Leeprom_data                              eeprom_data  00000
__Lend_init                                 end_init     00029
__Lfunctab                                  functab      00000
__LidataBANK1                               idataBANK1   00000
__LidataBANK2                               idataBANK2   00000
__LidataBANK3                               idataBANK3   00000
__LidataBANK4                               idataBANK4   00000
__LidataBANK5                               idataBANK5   00000
__Linit                                     init         00029
__Linittext                                 inittext     00000
__Lintentry                                 intentry     00004
__Lmaintext                                 maintext     00000
__LnvBANK2                                  nvBANK2      00000
__LnvBANK3                                  nvBANK3      00000
__Lpowerup                                  powerup      00000
__Lram                                      ram          00000
__Lreset_vec                                reset_vec    00000
__Lsfr0                                     sfr0         00000
__Lsfr1                                     sfr1         00000
__Lsfr10                                    sfr10        00000
__Lsfr11                                    sfr11        00000
__Lsfr12                                    sfr12        00000
__Lsfr13                                    sfr13        00000
__Lsfr14                                    sfr14        00000
__Lsfr15                                    sfr15        00000
__Lsfr16                                    sfr16        00000
__Lsfr17                                    sfr17        00000
__Lsfr18                                    sfr18        00000
__Lsfr19                                    sfr19        00000
__Lsfr2                                     sfr2         00000
__Lsfr20                                    sfr20        00000
__Lsfr21                                    sfr21        00000
__Lsfr22                                    sfr22        00000
__Lsfr23                                    sfr23        00000
__Lsfr24                                    sfr24        00000
__Lsfr25                                    sfr25        00000
__Lsfr26                                    sfr26        00000
__Lsfr27                                    sfr27        00000
__Lsfr28                                    sfr28        00000
__Lsfr29                                    sfr29        00000
__Lsfr3                                     sfr3         00000
__Lsfr30                                    sfr30        00000
__Lsfr31                                    sfr31        00000
__Lsfr4                                     sfr4         00000
__Lsfr5                                     sfr5         00000
__Lsfr6                                     sfr6         00000
__Lsfr7                                     sfr7         00000
__Lsfr8                                     sfr8         00000
__Lsfr9                                     sfr9         00000
__Lspace_0                                  (abs)        00000
__Lspace_1                                  (abs)        00000
__Lspace_2                                  (abs)        00000
__Lspace_3                                  (abs)        00000
__Lspace_4                                  (abs)        00000
__Lstack                                    stack        00000
__Lstrings                                  strings      00000
__Lstringtext1                              stringtext1  00000
__Lstringtext10                             stringtext10 00000
__Lstringtext11                             stringtext11 00000
__Lstringtext12                             stringtext12 00000
__Lstringtext13                             stringtext13 00000
__Lstringtext14                             stringtext14 00000
__Lstringtext15                             stringtext15 00000
__Lstringtext16                             stringtext16 00000
__Lstringtext17                             stringtext17 00000
__Lstringtext18                             stringtext18 00000
__Lstringtext19                             stringtext19 00000
__Lstringtext2                              stringtext2  00000
__Lstringtext20                             stringtext20 00000
__Lstringtext21                             stringtext21 00000
__Lstringtext22                             stringtext22 00000
__Lstringtext23                             stringtext23 00000
__Lstringtext24                             stringtext24 00000
__Lstringtext25                             stringtext25 00000
__Lstringtext3                              stringtext3  00000
__Lstringtext4                              stringtext4  00000
__Lstringtext5                              stringtext5  00000
__Lstringtext6                              stringtext6  00000
__Lstringtext7                              stringtext7  00000
__Lstringtext8                              stringtext8  00000
__Lstringtext9                              stringtext9  00000
__Ltext                                     text         00000
__S0                                        (abs)        03105
__S1                                        (abs)        00370
__S2                                        (abs)        00000
__Umul8_16                                  text68       020E0
__Umul8_16@multiplicand                     cstackCOMMON 00070
__Umul8_16@multiplier                       cstackCOMMON 00078
__Umul8_16@product                          cstackCOMMON 00074
__Umul8_16@word_mpld                        cstackCOMMON 00076
___aodiv                                    text14       012BB
___aodiv@counter                            cstackBANK2  00120
___aodiv@dividend                           cstackBANK1  000BD
___aodiv@divisor                            cstackBANK1  000B5
___aodiv@quotient                           cstackBANK2  00122
___aodiv@sign                               cstackBANK2  00121
___aomod                                    text13       01F13
___aomod@counter                            cstackBANK1  000C6
___aomod@dividend                           cstackBANK1  000BD
___aomod@divisor                            cstackBANK1  000B5
___aomod@sign                               cstackBANK1  000C7
___fladd                                    text71       002E0
___fladd@a                                  cstackCOMMON 00074
___fladd@aexp                               cstackCOMMON 00079
___fladd@b                                  cstackCOMMON 00070
___fladd@bexp                               cstackCOMMON 0007A
___fladd@grs                                cstackCOMMON 0007B
___fladd@signs                              cstackCOMMON 00078
___fldiv                                    text70       00AC1
___fldiv@a                                  cstackBANK0  00044
___fldiv@aexp                               cstackBANK0  0005D
___fldiv@b                                  cstackBANK0  00048
___fldiv@bexp                               cstackBANK0  0005C
___fldiv@grs                                cstackBANK0  00058
___fldiv@new_exp                            cstackBANK0  00056
___fldiv@rem                                cstackBANK0  00051
___fldiv@sign                               cstackBANK0  00055
___flge                                     text69       01A30
___flge@ff1                                 cstackCOMMON 00070
___flge@ff2                                 cstackCOMMON 00074
___flmul                                    text67       00089
___flmul@a                                  cstackBANK0  0002A
___flmul@aexp                               cstackBANK0  00034
___flmul@b                                  cstackBANK0  00026
___flmul@bexp                               cstackBANK0  00035
___flmul@grs                                cstackBANK0  00036
___flmul@prod                               cstackBANK0  0003A
___flmul@sign                               cstackBANK0  00033
___flmul@temp                               cstackBANK0  0003E
___flneg                                    text66       02EC0
___flneg@f1                                 cstackBANK0  00040
___int_sp                                   stack        00000
___latbits                                  (abs)        00003
___sp                                       stack        00000
___stackhi                                  (abs)        027EF
___stacklo                                  (abs)        02230
___wmul                                     text65       02061
___wmul@multiplicand                        cstackCOMMON 00072
___wmul@multiplier                          cstackCOMMON 00070
___wmul@product                             cstackCOMMON 00074
___xxtofl                                   text64       01BE4
___xxtofl@arg                               cstackBANK0  00022
___xxtofl@exp                               cstackBANK0  00021
___xxtofl@sign                              cstackBANK0  00020
___xxtofl@val                               cstackCOMMON 00076
__end_of_INTERRUPT_InterruptManager         intentry     00029
__end_of_IOCAF0_DefaultInterruptHandler     text101      02E5C
__end_of_IOCAF0_ISR                         text79       024CC
__end_of_IOCAF0_SetInterruptHandler         text33       02E7E
__end_of_IOCAF1_DefaultInterruptHandler     text78       02E5E
__end_of_IOCAF1_ISR                         text77       02512
__end_of_IOCAF1_SetInterruptHandler         text32       02E87
__end_of_IOCAF2_DefaultInterruptHandler     text76       02E5F
__end_of_IOCAF2_ISR                         text51       011C7
__end_of_IOCAF2_SetInterruptHandler         text31       02E90
__end_of_IOCAF3_DefaultInterruptHandler     text50       02E60
__end_of_IOCAF3_ISR                         text49       025F1
__end_of_IOCAF3_SetInterruptHandler         text30       02E99
__end_of_IOCAF4_DefaultInterruptHandler     text48       02E61
__end_of_IOCAF4_ISR                         text47       0263E
__end_of_IOCAF4_SetInterruptHandler         text29       02EA2
__end_of_IOCAF5_DefaultInterruptHandler     text46       01801
__end_of_IOCAF5_ISR                         text43       01E29
__end_of_IOCAF5_SetInterruptHandler         text28       02EAB
[...]
                  1    wreg      void 
 Registers used:
		wreg, fsr0l, fsr0h, status,2, status,0, pclath, cstack
 Tracked objects:
		On entry : 
		On exit  : 
		Unchanged: 
 Data sizes:     COMMON   BANK0   BANK1   BANK2   BANK3   BANK4   BANK5   BANK6   BANK7   BANK8   BANK9  BANK10  BANK11  BANK12  BANK13  BANK14  BANK15  BANK16  BANK17  BANK18  BANK19  BANK20  BANK21  BANK22  BANK23  BANK24  BANK25
      Params:         2       0       0       0       0       0       0       0       0       0       0       0       0       0       0       0       0       0       0       0       0       0       0       0       0       0       0
      Locals:         1       0       0       0       0       0       0       0       0       0       0       0       0       0       0       0       0       0       0       0       0       0       0       0       0       0       0
      Temps:          3       0       0       0       0       0       0       0       0       0       0       0       0       0       0       0       0       0       0       0       0       0       0       0       0       0       0
      Totals:         6       0       0       0       0       0       0       0       0       0       0       0       0       0       0       0       0       0       0       0       0       0       0       0       0       0       0
Total ram usage:        6 bytes
 Hardware stack levels used:    1
 Hardware stack levels required when called:    2
 This function calls:
		i1_LCDPutChar
 This function is called by:
		_LCDClear
		_basicShoot
		_winScreen
		_failScreen
		_cooldownScreen
		_startFight
		_printHeart
		_printShield
		i1_printMenu
		i1_mainMenu
		i1_cleanMenu
		i1_welcomeScreen
		i1_cleanFullMenu
 This function uses a non-reentrant model


 *************** function i1_LCDPutChar *****************
 Defined at:
		line 101 in file "lcd.c"
 Parameters:    Size  Location     Type
  ch              1    wreg     unsigned char 
 Auto vars:     Size  Location     Type
  ch              1    6[COMMON] unsigned char 
 Return value:  Size  Location     Type
                  1    wreg      void 
 Registers used:
		wreg, status,2, status,0, pclath, cstack
 Tracked objects:
		On entry : 
		On exit  : 
		Unchanged: 
 Data sizes:     COMMON   BANK0   BANK1   BANK2   BANK3   BANK4   BANK5   BANK6   BANK7   BANK8   BANK9  BANK10  BANK11  BANK12  BANK13  BANK14  BANK15  BANK16  BANK17  BANK18  BANK19  BANK20  BANK21  BANK22  BANK23  BANK24  BANK25
      Params:         0       0       0       0       0       0       0       0       0       0       0       0       0       0       0       0       0       0       0       0       0       0       0       0       0       0       0
      Locals:         1       0       0       0       0       0       0       0       0       0       0       0       0       0       0       0       0       0       0       0       0       0       0       0       0       0       0
      Temps:          2       0       0       0       0       0       0       0       0       0       0       0       0       0       0       0       0       0       0       0       0       0       0       0       0       0       0
      Totals:         3       0       0       0       0       0       0       0       0       0       0       0       0       0       0       0       0       0       0       0       0       0       0       0       0       0       0
Total ram usage:        3 bytes
 Hardware stack levels used:    1
 Hardware stack levels required when called:    1
 This function calls:
		i1_LCDWriteNibble
 This function is called by:
		_basicShoot
		_printShip
		_printHeart
		_printShield
		i1_LCDPutStr
		i1_createCustomCharacter
 This function uses a non-reentrant model


 *************** function i1_LCDGoto *****************
 Defined at:
		line 143 in file "lcd.c"
 Parameters:    Size  Location     Type
  pos             1    wreg     unsigned char 
  ln              1    7[COMMON] unsigned char 
 Auto vars:     Size  Location     Type
  pos             1   10[COMMON] unsigned char 
 Return value:  Size  Location     Type
                  1    wreg      void 
 Registers used:
		wreg, status,2, status,0, pclath, cstack
 Tracked objects:
		On entry : 
		On exit  : 
		Unchanged: 
 Data sizes:     COMMON   BANK0   BANK1   BANK2   BANK3   BANK4   BANK5   BANK6   BANK7   BANK8   BANK9  BANK10  BANK11  BANK12  BANK13  BANK14  BANK15  BANK16  BANK17  BANK18  BANK19  BANK20  BANK21  BANK22  BANK23  BANK24  BANK25
      Params:         1       0       0       0       0       0       0       0       0       0       0       0       0       0       0       0       0       0       0       0       0       0       0       0       0       0       0
      Locals:         3       0       0       0       0       0       0       0       0       0       0       0       0       0       0       0       0       0       0       0       0       0       0       0       0       0       0
      Temps:          0       0       0       0       0       0       0       0       0       0       0       0       0       0       0       0       0       0       0       0       0       0       0       0       0       0       0
      Totals:         4       0       0       0       0       0       0       0       0       0       0       0       0       0       0       0       0       0       0       0       0       0       0       0       0       0       0
Total ram usage:        4 bytes
 Hardware stack levels used:    1
 Hardware stack levels required when called:    2
 This function calls:
		i1_LCDPutCmd
 This function is called by:
		_LCDClear
		_basicShoot
		_winScreen
		_failScreen
		_cooldownScreen
		_startFight
		_printShip
		_printHeart
		_printShield
		i1_printMenu
		i1_mainMenu
		i1_cleanMenu
		i1_welcomeScreen
		i1_cleanFullMenu
 This function uses a non-reentrant model


 *************** function i1_LCDPutCmd *****************
 Defined at:
		line 115 in file "lcd.c"
 Parameters:    Size  Location     Type
  ch              1    wreg     unsigned char 
 Auto vars:     Size  Location     Type
  ch              1    6[COMMON] unsigned char 
 Return value:  Size  Location     Type
                  1    wreg      void 
 Registers used:
		wreg, status,2, status,0, pclath, cstack
 Tracked objects:
		On entry : 
		On exit  : 
		Unchanged: 
 Data sizes:     COMMON   BANK0   BANK1   BANK2   BANK3   BANK4   BANK5   BANK6   BANK7   BANK8   BANK9  BANK10  BANK11  BANK12  BANK13  BANK14  BANK15  BANK16  BANK17  BANK18  BANK19  BANK20  BANK21  BANK22  BANK23  BANK24  BANK25
      Params:         0       0       0       0       0       0       0       0       0       0       0       0       0       0       0       0       0       0       0       0       0       0       0       0       0       0       0
      Locals:         1       0       0       0       0       0       0       0       0       0       0       0       0       0       0       0       0       0       0       0       0       0       0       0       0       0       0
      Temps:          2       0       0       0       0       0       0       0       0       0       0       0       0       0       0       0       0       0       0       0       0       0       0       0       0       0       0
      Totals:         3       0       0       0       0       0       0       0       0       0       0       0       0       0       0       0       0       0       0       0       0       0       0       0       0       0       0
Total ram usage:        3 bytes
 Hardware stack levels used:    1
 Hardware stack levels required when called:    1
 This function calls:
		i1_LCDWriteNibble
 This function is called by:
		i1_LCDGoto
		i1_createCustomCharacter
 This function uses a non-reentrant model


 *************** function i1_LCDWriteNibble *****************
 Defined at:
		line 74 in file "lcd.c"
 Parameters:    Size  Location     Type
  ch              1    wreg     unsigned char 
  rs              1    0[COMMON] unsigned char 
 Auto vars:     Size  Location     Type
  ch              1    3[COMMON] unsigned char 
 Return value:  Size  Location     Type
                  1    wreg      void 
 Registers used:
		wreg, status,2, status,0
 Tracked objects:
		On entry : 
		On exit  : 
		Unchanged: 
 Data sizes:     COMMON   BANK0   BANK1   BANK2   BANK3   BANK4   BANK5   BANK6   BANK7   BANK8   BANK9  BANK10  BANK11  BANK12  BANK13  BANK14  BANK15  BANK16  BANK17  BANK18  BANK19  BANK20  BANK21  BANK22  BANK23  BANK24  BANK25
      Params:         1       0       0       0       0       0       0       0       0       0       0       0       0       0       0       0       0       0       0       0       0       0       0       0       0       0       0
      Locals:         1       0       0       0       0       0       0       0       0       0       0       0       0       0       0       0       0       0       0       0       0       0       0       0       0       0       0
      Temps:          2       0       0       0       0       0       0       0       0       0       0       0       0       0       0       0       0       0       0       0       0       0       0       0       0       0       0
      Totals:         4       0       0       0       0       0       0       0       0       0       0       0       0       0       0       0       0       0       0       0       0       0       0       0       0       0       0
Total ram usage:        4 bytes
 Hardware stack levels used:    1
 This function calls:
		Nothing
 This function is called by:
		i1_LCDPutChar
		i1_LCDPutCmd
 This function uses a non-reentrant model


 *************** function _IOCAF0_DefaultInterruptHandler *****************
 Defined at:
		line 264 in file "mcc_generated_files/pin_manager.c"
 Parameters:    Size  Location     Type
		None
 Auto vars:     Size  Location     Type
		None
 Return value:  Size  Location     Type
                  1    wreg      void 
 Registers used:
		None
 Tracked objects:
		On entry : 
		On exit  : 
		Unchanged: 
 Data sizes:     COMMON   BANK0   BANK1   BANK2   BANK3   BANK4   BANK5   BANK6   BANK7   BANK8   BANK9  BANK10  BANK11  BANK12  BANK13  BANK14  BANK15  BANK16  BANK17  BANK18  BANK19  BANK20  BANK21  BANK22  BANK23  BANK24  BANK25
      Params:         0       0       0       0       0       0       0       0       0       0       0       0       0       0       0       0       0       0       0       0       0       0       0       0       0       0       0
      Locals:         0       0       0       0       0       0       0       0       0       0       0       0       0       0       0       0       0       0       0       0       0       0       0       0       0       0       0
      Temps:          0       0       0       0       0       0       0       0       0       0       0       0       0       0       0       0       0       0       0       0       0       0       0       0       0       0       0
      Totals:         0       0       0       0       0       0       0       0       0       0       0       0       0       0       0       0       0       0       0       0       0       0       0       0       0       0       0
Total ram usage:        0 bytes
 Hardware stack levels used:    1
 This function calls:
		Nothing
 This function is called by:
		_PIN_MANAGER_Initialize
		_IOCAF0_ISR
 This function uses a non-reentrant model



MODULE INFORMATION

Module		Function		Class		Link	Load	Size
C:\Program Files\Microchip\xc8\v2.31\pic\sources\c99\common\sprcadd.c
		___fladd       		CODE           	02E0	0000	575

C:\Program Files\Microchip\xc8\v2.31\pic\sources\c99\common\sprcadd.c estimated size: 575

C:\Program Files\Microchip\xc8\v2.31\pic\sources\c99\common\flneg.c
		___flneg       		CODE           	2EC0	0000	12

C:\Program Files\Microchip\xc8\v2.31\pic\sources\c99\common\flneg.c estimated size: 12

C:\Program Files\Microchip\xc8\v2.31\pic\sources\c99\common\putch.c
		_putch         		CODE           	0003	0000	1

C:\Program Files\Microchip\xc8\v2.31\pic\sources\c99\common\putch.c estimated size: 1

C:\Program Files\Microchip\xc8\v2.31\pic\sources\c99\common\nf_fputs.c
		_fputs         		CODE           	2284	0000	41

C:\Program Files\Microchip\xc8\v2.31\pic\sources\c99\common\nf_fputs.c estimated size: 41

mcc_generated_files/interrupt_manager.c
		_INTERRUPT_InterruptManager		CODE           	0004	0000	37

mcc_generated_files/interrupt_manager.c estimated size: 37

C:\Program Files\Microchip\xc8\v2.31\pic\sources\c99\common\xxtofl.c
		___xxtofl      		CODE           	1BE4	0000	173

C:\Program Files\Microchip\xc8\v2.31\pic\sources\c99\common\xxtofl.c estimated size: 173

C:\Program Files\Microchip\xc8\v2.31\pic\sources\c99\common\aomod.c
		___aomod       		CODE           	1F13	0000	237

C:\Program Files\Microchip\xc8\v2.31\pic\sources\c99\common\aomod.c estimated size: 237

mcc_generated_files/tmr0.c
		_TMR0_SetInterruptHandler		CODE           	07F7	0000	9
		_TMR0_DefaultInterruptHandler		CODE           	0002	0000	1
		_TMR0_CallBack 		CODE           	255A	0000	74
		_TMR0_ISR      		CODE           	2F93	0000	26
		_TMR0_Initialize		CODE           	2F12	0000	25

mcc_generated_files/tmr0.c estimated size: 135

C:\Program Files\Microchip\xc8\v2.31\pic\sources\c99\common\abs.c
		_abs           		CODE           	2FE4	0000	28

C:\Program Files\Microchip\xc8\v2.31\pic\sources\c99\common\abs.c estimated size: 28

C:\Program Files\Microchip\xc8\v2.31\pic\sources\c99\common\strlen.c
		_strlen        		CODE           	2FAD	0000	27

C:\Program Files\Microchip\xc8\v2.31\pic\sources\c99\common\strlen.c estimated size: 27

functions.c
		_disableButton 		CODE           	2EE9	0000	17
		_basicShoot    		CODE           	18B1	0000	119
		_createCustomCharacter		CODE           	235A	0000	46
		_enableButton  		CODE           	2ED9	0000	16

functions.c estimated size: 198

mcc_generated_files/pin_manager.c
		_IOCAF5_SetInterruptHandler		CODE           	2EA2	0000	9
		_PIN_MANAGER_Initialize		CODE           	183F	0000	114
		_IOCAF1_DefaultInterruptHandler		CODE           	2E5D	0000	1
		_IOCAF4_DefaultInterruptHandler		CODE           	2E60	0000	1
		_IOCAF1_ISR    		CODE           	24CC	0000	70
		_IOCAF0_SetInterruptHandler		CODE           	2E75	0000	9
		_IOCAF4_ISR    		CODE           	25F1	0000	77
		_IOCAF3_SetInterruptHandler		CODE           	2E90	0000	9
		_IOCAF2_DefaultInterruptHandler		CODE           	2E5E	0000	1
		_IOCAF5_DefaultInterruptHandler		CODE           	1800	0000	1
		_IOCAF2_ISR    		CODE           	10D9	0000	238
		_IOCAF1_SetInterruptHandler		CODE           	2E7E	0000	9
		_IOCAF5_ISR    		CODE           	1D43	0000	230
		_PIN_MANAGER_IOC		CODE           	23B8	0000	49
		_IOCAF4_SetInterruptHandler		CODE           	2E99	0000	9
		_IOCAF0_DefaultInterruptHandler		CODE           	2E5B	0000	1
		_IOCAF3_DefaultInterruptHandler		CODE           	2E5F	0000	1
		_IOCAF0_ISR    		CODE           	2489	0000	67
		_IOCAF3_ISR    		CODE           	25A4	0000	77
		_IOCAF2_SetInterruptHandler		CODE           	2E87	0000	9

mcc_generated_files/pin_manager.c estimated size: 982

pseudoRandom.c
		_taylorSine    		CODE           	13DA	0000	326

pseudoRandom.c estimated size: 326

C:\Program Files\Microchip\xc8\v2.31\pic\sources\c99\common\Umul8_16.c
		__Umul8_16     		CODE           	20E0	0000	35

C:\Program Files\Microchip\xc8\v2.31\pic\sources\c99\common\Umul8_16.c estimated size: 35

C:\Program Files\Microchip\xc8\v2.31\pic\sources\c99\common\aodiv.c
		___aodiv       		CODE           	12BB	0000	287

C:\Program Files\Microchip\xc8\v2.31\pic\sources\c99\common\aodiv.c estimated size: 287

C:\Program Files\Microchip\xc8\v2.31\pic\sources\c99\common\nf_fputc.c
		_fputc         		CODE           	26E5	0000	88

C:\Program Files\Microchip\xc8\v2.31\pic\sources\c99\common\nf_fputc.c estimated size: 88

shared
		i1_vfpfcnvrt   		CODE           	11C7	0000	244
		i1_pad         		CODE           	268E	0000	87
		i1_printMenu   		CODE           	0C75	0000	439
		i1_welcomeScreen		CODE           	2302	0000	44
		i1_abs         		CODE           	2F45	0000	26
		i1_putch       		CODE           	2E5C	0000	1
		i1_disableButton		CODE           	0800	0000	16
		i1_LCDGoto     		CODE           	2195	0000	39
		i1_cleanFullMenu		CODE           	2F2B	0000	26
		i1_vfprintf    		CODE           	23E9	0000	51
		i1_dtoa        		CODE           	168C	0000	372
		i1_LCDPutCmd   		CODE           	2042	0000	31
		i1_LCDPutStr   		CODE           	2149	0000	38
		i1_LCDPutChar  		CODE           	2007	0000	29
		__initialization		CODE           	002B	0000	90
		i1_mainMenu    		CODE           	1928	0000	130
		i1___aodiv     		CODE           	06F6	0000	257
		i1_createCustomCharacter		CODE           	22AD	0000	42
		i1_sprintf     		CODE           	22D7	0000	43
		i1_cleanMenu   		CODE           	2FC8	0000	28
		i1___aomod     		CODE           	1E29	0000	234
		i1_fputc       		CODE           	273D	0000	91
		i1_fputs       		CODE           	225B	0000	41
		i1_strlen      		CODE           	2F5F	0000	26
		i1_LCDWriteNibble		CODE           	2080	0000	32

shared estimated size: 2457

mcc_generated_files/mcc.c
		_WDT_Initialize		CODE           	1801	0000	4
		_OSCILLATOR_Initialize		CODE           	2000	0000	7
		_SYSTEM_Initialize		CODE           	2ECC	0000	13

mcc_generated_files/mcc.c estimated size: 24

C:\Program Files\Microchip\xc8\v2.31\pic\sources\c99\common\sprcmul.c
		___flmul       		CODE           	0089	0000	599

C:\Program Files\Microchip\xc8\v2.31\pic\sources\c99\common\sprcmul.c estimated size: 599

naves.c
		_fixShield     		CODE           	1805	0000	58
		_fix           		CODE           	244F	0000	58
		_printShip     		CODE           	21E3	0000	40
		_attack        		CODE           	1C91	0000	178
		_printShield   		CODE           	1520	0000	364
		_printHeart    		CODE           	0E2C	0000	468

naves.c estimated size: 1166

C:\Program Files\Microchip\xc8\v2.31\pic\sources\c99\common\doprnt.c
		_vfpfcnvrt     		CODE           	0810	0000	269
		_pad           		CODE           	2798	0000	104
		_dtoa          		CODE           	091D	0000	420
		_vfprintf      		CODE           	241C	0000	51

C:\Program Files\Microchip\xc8\v2.31\pic\sources\c99\common\doprnt.c estimated size: 844

C:\Program Files\Microchip\xc8\v2.31\pic\sources\c99\common\sprcdiv.c
		___fldiv       		CODE           	0AC1	0000	436

C:\Program Files\Microchip\xc8\v2.31\pic\sources\c99\common\sprcdiv.c estimated size: 436

menu.c
		_cleanMenu     		CODE           	20C0	0000	32
		_startFight    		CODE           	21BC	0000	39
		_cooldownScreen		CODE           	216F	0000	38
		_winScreen     		CODE           	19AA	0000	134
		_printMenu     		CODE           	051F	0000	471
		_nextTurn      		CODE           	1B47	0000	157
		_cleanFullMenu 		CODE           	2024	0000	30
		_failScreen    		CODE           	2EFA	0000	24
		_welcomeScreen 		CODE           	2388	0000	48
		_mainMenu      		CODE           	1ABA	0000	141

menu.c estimated size: 1114

C:\Program Files\Microchip\xc8\v2.31\pic\sources\c99\common\nf_sprintf.c
		_sprintf       		CODE           	232E	0000	44

C:\Program Files\Microchip\xc8\v2.31\pic\sources\c99\common\nf_sprintf.c estimated size: 44

lcd.c
		_LCDClear      		CODE           	2F79	0000	26
		_LCDPutCmd     		CODE           	2103	0000	35
		_LCDPutStr     		CODE           	2233	0000	40
		_LCDPutChar    		CODE           	20A0	0000	32
		_LCD_Initialize		CODE           	2126	0000	35
		_LCDWriteNibble		CODE           	1000	0000	37
		_LCDGoto       		CODE           	220B	0000	40

lcd.c estimated size: 245

C:\Program Files\Microchip\xc8\v2.31\pic\sources\c99\common\flge.c
		___flge        		CODE           	1A30	0000	138

C:\Program Files\Microchip\xc8\v2.31\pic\sources\c99\common\flge.c estimated size: 138

C:\Program Files\Microchip\xc8\v2.31\pic\sources\c99\common\Umul16.c
		___wmul        		CODE           	2061	0000	31

C:\Program Files\Microchip\xc8\v2.31\pic\sources\c99\common\Umul16.c estimated size: 31

main.c
		_main          		CODE           	1025	0000	180

main.c estimated size: 180

